✔ [3054/3097] Built MaximumModulus.GlobalDegreeAux (2.3s)
✔ [3055/3097] Built MaximumModulus.FiberCapture (2.0s)
✔ [3056/3097] Built MaximumModulus.Definitions (3.3s)
✔ [3057/3097] Built MaximumModulus.SmallFibers (3.2s)
✔ [3058/3097] Built MaximumModulus.LocalValence (3.3s)
✔ [3059/3097] Built MaximumModulus.Basic (1.8s)
✔ [3060/3097] Built MaximumModulus.Reductions (2.1s)
✔ [3061/3097] Built MaximumModulus.BranchCollision (2.1s)
✔ [3062/3097] Built MaximumModulus.Finiteness (2.6s)
✔ [3063/3097] Built MaximumModulus.InverseRootChart (2.5s)
✔ [3064/3097] Built MaximumModulus.DuplicateSafeCount (2.6s)
✔ [3065/3097] Built MaximumModulus.AEBridge (2.7s)
✔ [3066/3097] Built MaximumModulus.MaximaToFibers (2.9s)
✔ [3067/3097] Built MaximumModulus.InversePairFamily (2.0s)
✔ [3068/3097] Built MaximumModulus.LocalImageTopology (3.5s)
✔ [3069/3097] Built MaximumModulus.LogDerivative (3.6s)
✔ [3070/3097] Built MaximumModulus.StatementAudit (2.1s)
✔ [3071/3097] Built MaximumModulus.MaximumStationarity (2.6s)
✔ [3072/3097] Built MaximumModulus.LocalReciprocal (2.2s)
✔ [3073/3097] Built MaximumModulus.FiniteImageGraphs (2.3s)
✔ [3074/3097] Built MaximumModulus.MeromorphicCorrespondence (2.5s)
✔ [3075/3097] Built MaximumModulus.MaximumEnvelope (2.7s)
✔ [3076/3097] Built MaximumModulus.PairNonvertical (2.9s)
✔ [3077/3097] Built MaximumModulus.SphereSmallFibers (3.0s)
✔ [3078/3097] Built MaximumModulus.PoleChart (3.1s)
✔ [3079/3097] Built MaximumModulus.ExceptionalRadii (3.2s)
✔ [3080/3097] Built MaximumModulus.BranchContinuation (3.9s)
✔ [3081/3097] Built MaximumModulus.GeometricReduction (2.4s)
✔ [3082/3097] Built MaximumModulus.ProductNonconstant (2.1s)
✔ [3083/3097] Built MaximumModulus.HighCountCapture (2.1s)
✔ [3084/3097] Built MaximumModulus.GlobalCharts (2.2s)
✔ [3085/3097] Built MaximumModulus.HighCountLocus (1.9s)
✔ [3086/3097] Built MaximumModulus.BoundaryCharts (2.2s)
✔ [3087/3097] Built MaximumModulus.FiniteValueCoordinates (2.1s)
✔ [3088/3097] Built MaximumModulus.FiniteTargetCover (2.3s)
✔ [3089/3097] Built MaximumModulus.InfinityCharts (2.7s)
✔ [3090/3097] Built MaximumModulus.FiniteExceptionalSet (1.0s)
✔ [3091/3097] Built MaximumModulus.HighCountInterior (2.1s)
✔ [3092/3097] Built MaximumModulus.InfinityInterior (1.0s)
✔ [3093/3097] Built MaximumModulus.OmittedTargetCover (1.0s)
✔ [3094/3097] Built MaximumModulus.HighCountGlobal (1.7s)
✔ [3095/3097] Built MaximumModulus.AllRadii (1.7s)
✔ [3096/3097] Built MaximumModulus (1.6s)
Build completed successfully (3097 jobs).
