git: error: couldn't create cache file '/var/folders/79/vg1hhkl54ln4sbxmwfwgjj880000gn/T/xcrun_db-POpd6dvy' (errno=Operation not permitted)
git: error: couldn't create cache file '/var/folders/79/vg1hhkl54ln4sbxmwfwgjj880000gn/T/xcrun_db-PcxVy00t' (errno=Operation not permitted)
git: error: couldn't create cache file '/var/folders/79/vg1hhkl54ln4sbxmwfwgjj880000gn/T/xcrun_db-79zvbKUS' (errno=Operation not permitted)
git: error: couldn't create cache file '/var/folders/79/vg1hhkl54ln4sbxmwfwgjj880000gn/T/xcrun_db-6PmA0iLP' (errno=Operation not permitted)
git: error: couldn't create cache file '/var/folders/79/vg1hhkl54ln4sbxmwfwgjj880000gn/T/xcrun_db-BBbBtg6l' (errno=Operation not permitted)
git: error: couldn't create cache file '/var/folders/79/vg1hhkl54ln4sbxmwfwgjj880000gn/T/xcrun_db-UBUPGkQi' (errno=Operation not permitted)
git: error: couldn't create cache file '/var/folders/79/vg1hhkl54ln4sbxmwfwgjj880000gn/T/xcrun_db-QhKw8Ybd' (errno=Operation not permitted)
git: error: couldn't create cache file '/var/folders/79/vg1hhkl54ln4sbxmwfwgjj880000gn/T/xcrun_db-nqbZg75M' (errno=Operation not permitted)
git: error: couldn't create cache file '/var/folders/79/vg1hhkl54ln4sbxmwfwgjj880000gn/T/xcrun_db-e2ODrLas' (errno=Operation not permitted)
git: error: couldn't create cache file '/var/folders/79/vg1hhkl54ln4sbxmwfwgjj880000gn/T/xcrun_db-1gT2Zqwb' (errno=Operation not permitted)
git: error: couldn't create cache file '/var/folders/79/vg1hhkl54ln4sbxmwfwgjj880000gn/T/xcrun_db-WEjD953f' (errno=Operation not permitted)
git: error: couldn't create cache file '/var/folders/79/vg1hhkl54ln4sbxmwfwgjj880000gn/T/xcrun_db-sXsgrps8' (errno=Operation not permitted)
git: error: couldn't create cache file '/var/folders/79/vg1hhkl54ln4sbxmwfwgjj880000gn/T/xcrun_db-OWKpGuJn' (errno=Operation not permitted)
git: error: couldn't create cache file '/var/folders/79/vg1hhkl54ln4sbxmwfwgjj880000gn/T/xcrun_db-L0m1sKgP' (errno=Operation not permitted)
git: error: couldn't create cache file '/var/folders/79/vg1hhkl54ln4sbxmwfwgjj880000gn/T/xcrun_db-ZtHZks0T' (errno=Operation not permitted)
git: error: couldn't create cache file '/var/folders/79/vg1hhkl54ln4sbxmwfwgjj880000gn/T/xcrun_db-r02DLAg4' (errno=Operation not permitted)
git: error: couldn't create cache file '/var/folders/79/vg1hhkl54ln4sbxmwfwgjj880000gn/T/xcrun_db-Uiq4VOKJ' (errno=Operation not permitted)
git: error: couldn't create cache file '/var/folders/79/vg1hhkl54ln4sbxmwfwgjj880000gn/T/xcrun_db-JxJ4JSqR' (errno=Operation not permitted)
git: error: couldn't create cache file '/var/folders/79/vg1hhkl54ln4sbxmwfwgjj880000gn/T/xcrun_db-zMvpXTuY' (errno=Operation not permitted)
git: error: couldn't create cache file '/var/folders/79/vg1hhkl54ln4sbxmwfwgjj880000gn/T/xcrun_db-yQHK9OA3' (errno=Operation not permitted)
git: error: couldn't create cache file '/var/folders/79/vg1hhkl54ln4sbxmwfwgjj880000gn/T/xcrun_db-pwI8sR1f' (errno=Operation not permitted)
git: error: couldn't create cache file '/var/folders/79/vg1hhkl54ln4sbxmwfwgjj880000gn/T/xcrun_db-0FXhsERg' (errno=Operation not permitted)
git: error: couldn't create cache file '/var/folders/79/vg1hhkl54ln4sbxmwfwgjj880000gn/T/xcrun_db-a4XCZXty' (errno=Operation not permitted)
git: error: couldn't create cache file '/var/folders/79/vg1hhkl54ln4sbxmwfwgjj880000gn/T/xcrun_db-55J4fFiy' (errno=Operation not permitted)
git: error: couldn't create cache file '/var/folders/79/vg1hhkl54ln4sbxmwfwgjj880000gn/T/xcrun_db-VbrkRP73' (errno=Operation not permitted)
git: error: couldn't create cache file '/var/folders/79/vg1hhkl54ln4sbxmwfwgjj880000gn/T/xcrun_db-AB73tipf' (errno=Operation not permitted)
git: error: couldn't create cache file '/var/folders/79/vg1hhkl54ln4sbxmwfwgjj880000gn/T/xcrun_db-7iCLEDYZ' (errno=Operation not permitted)
git: error: couldn't create cache file '/var/folders/79/vg1hhkl54ln4sbxmwfwgjj880000gn/T/xcrun_db-2wiM3TX1' (errno=Operation not permitted)
git: error: couldn't create cache file '/var/folders/79/vg1hhkl54ln4sbxmwfwgjj880000gn/T/xcrun_db-D926dvod' (errno=Operation not permitted)
git: error: couldn't create cache file '/var/folders/79/vg1hhkl54ln4sbxmwfwgjj880000gn/T/xcrun_db-TeYfLVSr' (errno=Operation not permitted)
git: error: couldn't create cache file '/var/folders/79/vg1hhkl54ln4sbxmwfwgjj880000gn/T/xcrun_db-aS6AO1h4' (errno=Operation not permitted)
git: error: couldn't create cache file '/var/folders/79/vg1hhkl54ln4sbxmwfwgjj880000gn/T/xcrun_db-UVIcOox0' (errno=Operation not permitted)
git: error: couldn't create cache file '/var/folders/79/vg1hhkl54ln4sbxmwfwgjj880000gn/T/xcrun_db-KJwITOHR' (errno=Operation not permitted)
git: error: couldn't create cache file '/var/folders/79/vg1hhkl54ln4sbxmwfwgjj880000gn/T/xcrun_db-S6llgDj6' (errno=Operation not permitted)
git: error: couldn't create cache file '/var/folders/79/vg1hhkl54ln4sbxmwfwgjj880000gn/T/xcrun_db-zgiIGOf2' (errno=Operation not permitted)
git: error: couldn't create cache file '/var/folders/79/vg1hhkl54ln4sbxmwfwgjj880000gn/T/xcrun_db-hYinKJUz' (errno=Operation not permitted)
git: error: couldn't create cache file '/var/folders/79/vg1hhkl54ln4sbxmwfwgjj880000gn/T/xcrun_db-FJiDYLTd' (errno=Operation not permitted)
git: error: couldn't create cache file '/var/folders/79/vg1hhkl54ln4sbxmwfwgjj880000gn/T/xcrun_db-9CiiISs7' (errno=Operation not permitted)
{
  "checked_utc": "2026-10-10T20:50:01.581437+00:00",
  "selected_public_commit": "c063e5f83dfa71c97871eabc8b70cf8a8c1e0bc9",
  "all_53_production_hashes_stable": true,
  "preserved_manuscript_sha256": "bc951c3ffa7d3579b2f39a0949e38db27338ac32ac050e3f5359d4452573a7b1",
  "actual_HEAD": "c063e5f83dfa71c97871eabc8b70cf8a8c1e0bc9",
  "tracked_changes": false,
  "git_status": "?? proofs/maximum-modulus/lean/MaximumModulus/Audit/ComparatorChallenge.lean\n?? proofs/maximum-modulus/lean/MaximumModulus/Audit/OriginalProblem.lean\n",
  "untracked_state_scope": "Exactly the two trusted auditor modules; generated project logs are ignored by tracked parent proofs/maximum-modulus/.gitignore line 3; no other untracked source accepted",
  "project_checks_count": 91,
  "project_axiom_declaration_count": 126,
  "workflow_target_count": 8,
  "workflow_commands_count": 26,
  "workflow_inputs_stable": true,
  "exports": [
    {
      "label": "challenge",
      "module": "MaximumModulus.Audit.ComparatorChallenge",
      "bytes": 54014504,
      "sha256": "ac2fe5af1de529ac3607406107429058256542d824ac15bf4590dba2bdde0360",
      "identical_to_previous_export": true,
      "fresh_export_and_fresh_checker_execution": true
    },
    {
      "label": "solution",
      "module": "MaximumModulus.AllRadii",
      "bytes": 360280894,
      "sha256": "dfc65218ba9d699deaa8ed3191dd66f0a076d528fc36752b2217a13225f0ffd0",
      "identical_to_previous_export": true,
      "fresh_export_and_fresh_checker_execution": true
    }
  ],
  "challenge_specification_absent_from_solution_export": true,
  "checker_results": [
    "Lean paranoid",
    "lean4lean",
    "nanoda",
    "con-leche",
    "con-ron",
    "Lean default"
  ],
  "checker_counts": {
    "lean4lean": [
      "52015"
    ],
    "con_leche": [
      "52018"
    ],
    "con_ron": [
      "52018"
    ]
  },
  "dependencies": [
    {
      "name": "mathlib",
      "actual_revision": "81d17696471311f5e3e2f034236df7a781449f7e",
      "clean": true
    },
    {
      "name": "plausible",
      "actual_revision": "aef59637faa9e85fa2486acaaf906ce3f572af7c",
      "clean": true
    },
    {
      "name": "LeanSearchClient",
      "actual_revision": "234d9e074fbd6e911b920baf32db5291c3125be0",
      "clean": true
    },
    {
      "name": "importGraph",
      "actual_revision": "579f558774c4ac6840e715ba60dabf3030619349",
      "clean": true
    },
    {
      "name": "proofwidgets",
      "actual_revision": "d5ad4a0b79fa7f9818fe1380d05a3f6143823c09",
      "clean": true
    },
    {
      "name": "aesop",
      "actual_revision": "04879b1e1de744d5c9777c8cf63fa55a8f652e5e",
      "clean": true
    },
    {
      "name": "Qq",
      "actual_revision": "e7c4cdd2f1bf9df361ef7f621b4d6867012ab65e",
      "clean": true
    },
    {
      "name": "batteries",
      "actual_revision": "b71aaf60877e673fdb921f06f20987d12ee8a290",
      "clean": true
    },
    {
      "name": "Cli",
      "actual_revision": "82c11b9717083154aefc5fe8d4cba4bbf046298f",
      "clean": true
    }
  ],
  "trusted_tool_hashes_stable": true,
  "prior_checks_are_not_counted_as_fresh": true
}
