git: error: couldn't create cache file '/var/folders/79/vg1hhkl54ln4sbxmwfwgjj880000gn/T/xcrun_db-c3eL5mBY' (errno=Operation not permitted)
git: error: couldn't create cache file '/var/folders/79/vg1hhkl54ln4sbxmwfwgjj880000gn/T/xcrun_db-ev3xKCr0' (errno=Operation not permitted)
git: error: couldn't create cache file '/var/folders/79/vg1hhkl54ln4sbxmwfwgjj880000gn/T/xcrun_db-QAEBwvJa' (errno=Operation not permitted)
git: error: couldn't create cache file '/var/folders/79/vg1hhkl54ln4sbxmwfwgjj880000gn/T/xcrun_db-Opw2RZob' (errno=Operation not permitted)
git: error: couldn't create cache file '/var/folders/79/vg1hhkl54ln4sbxmwfwgjj880000gn/T/xcrun_db-Uwsk64iv' (errno=Operation not permitted)
git: error: couldn't create cache file '/var/folders/79/vg1hhkl54ln4sbxmwfwgjj880000gn/T/xcrun_db-3PuGHRT2' (errno=Operation not permitted)
git: error: couldn't create cache file '/var/folders/79/vg1hhkl54ln4sbxmwfwgjj880000gn/T/xcrun_db-7oxA2eb2' (errno=Operation not permitted)
git: error: couldn't create cache file '/var/folders/79/vg1hhkl54ln4sbxmwfwgjj880000gn/T/xcrun_db-M7ZkDnun' (errno=Operation not permitted)
git: error: couldn't create cache file '/var/folders/79/vg1hhkl54ln4sbxmwfwgjj880000gn/T/xcrun_db-Z91rtOHH' (errno=Operation not permitted)
git: error: couldn't create cache file '/var/folders/79/vg1hhkl54ln4sbxmwfwgjj880000gn/T/xcrun_db-JsVg6dck' (errno=Operation not permitted)
git: error: couldn't create cache file '/var/folders/79/vg1hhkl54ln4sbxmwfwgjj880000gn/T/xcrun_db-lrEd8LZX' (errno=Operation not permitted)
git: error: couldn't create cache file '/var/folders/79/vg1hhkl54ln4sbxmwfwgjj880000gn/T/xcrun_db-aOGX6Wqh' (errno=Operation not permitted)
git: error: couldn't create cache file '/var/folders/79/vg1hhkl54ln4sbxmwfwgjj880000gn/T/xcrun_db-7sANLvze' (errno=Operation not permitted)
git: error: couldn't create cache file '/var/folders/79/vg1hhkl54ln4sbxmwfwgjj880000gn/T/xcrun_db-D9BHyAkp' (errno=Operation not permitted)
git: error: couldn't create cache file '/var/folders/79/vg1hhkl54ln4sbxmwfwgjj880000gn/T/xcrun_db-vgNnL0vN' (errno=Operation not permitted)
git: error: couldn't create cache file '/var/folders/79/vg1hhkl54ln4sbxmwfwgjj880000gn/T/xcrun_db-EuypaTTp' (errno=Operation not permitted)
git: error: couldn't create cache file '/var/folders/79/vg1hhkl54ln4sbxmwfwgjj880000gn/T/xcrun_db-gIAzilA0' (errno=Operation not permitted)
git: error: couldn't create cache file '/var/folders/79/vg1hhkl54ln4sbxmwfwgjj880000gn/T/xcrun_db-E2bd8GG2' (errno=Operation not permitted)
git: error: couldn't create cache file '/var/folders/79/vg1hhkl54ln4sbxmwfwgjj880000gn/T/xcrun_db-2HWnjzst' (errno=Operation not permitted)
git: error: couldn't create cache file '/var/folders/79/vg1hhkl54ln4sbxmwfwgjj880000gn/T/xcrun_db-2wjMRWwb' (errno=Operation not permitted)
git: error: couldn't create cache file '/var/folders/79/vg1hhkl54ln4sbxmwfwgjj880000gn/T/xcrun_db-f3LYBKbV' (errno=Operation not permitted)
git: error: couldn't create cache file '/var/folders/79/vg1hhkl54ln4sbxmwfwgjj880000gn/T/xcrun_db-ts9gVn6C' (errno=Operation not permitted)
git: error: couldn't create cache file '/var/folders/79/vg1hhkl54ln4sbxmwfwgjj880000gn/T/xcrun_db-j5l623WZ' (errno=Operation not permitted)
git: error: couldn't create cache file '/var/folders/79/vg1hhkl54ln4sbxmwfwgjj880000gn/T/xcrun_db-dWD6eN4t' (errno=Operation not permitted)
git: error: couldn't create cache file '/var/folders/79/vg1hhkl54ln4sbxmwfwgjj880000gn/T/xcrun_db-OaVCi7EI' (errno=Operation not permitted)
git: error: couldn't create cache file '/var/folders/79/vg1hhkl54ln4sbxmwfwgjj880000gn/T/xcrun_db-0JGUEH0m' (errno=Operation not permitted)
git: error: couldn't create cache file '/var/folders/79/vg1hhkl54ln4sbxmwfwgjj880000gn/T/xcrun_db-lwhgRFEG' (errno=Operation not permitted)
git: error: couldn't create cache file '/var/folders/79/vg1hhkl54ln4sbxmwfwgjj880000gn/T/xcrun_db-8eUPCl8W' (errno=Operation not permitted)
git: error: couldn't create cache file '/var/folders/79/vg1hhkl54ln4sbxmwfwgjj880000gn/T/xcrun_db-JTY8mkJq' (errno=Operation not permitted)
git: error: couldn't create cache file '/var/folders/79/vg1hhkl54ln4sbxmwfwgjj880000gn/T/xcrun_db-Ku7qm2I3' (errno=Operation not permitted)
git: error: couldn't create cache file '/var/folders/79/vg1hhkl54ln4sbxmwfwgjj880000gn/T/xcrun_db-4GWx5LaX' (errno=Operation not permitted)
git: error: couldn't create cache file '/var/folders/79/vg1hhkl54ln4sbxmwfwgjj880000gn/T/xcrun_db-9ddfAr4u' (errno=Operation not permitted)
git: error: couldn't create cache file '/var/folders/79/vg1hhkl54ln4sbxmwfwgjj880000gn/T/xcrun_db-hWhb1yh8' (errno=Operation not permitted)
git: error: couldn't create cache file '/var/folders/79/vg1hhkl54ln4sbxmwfwgjj880000gn/T/xcrun_db-5lBsAPJF' (errno=Operation not permitted)
git: error: couldn't create cache file '/var/folders/79/vg1hhkl54ln4sbxmwfwgjj880000gn/T/xcrun_db-RgO3qj7V' (errno=Operation not permitted)
git: error: couldn't create cache file '/var/folders/79/vg1hhkl54ln4sbxmwfwgjj880000gn/T/xcrun_db-iEgexfX5' (errno=Operation not permitted)
git: error: couldn't create cache file '/var/folders/79/vg1hhkl54ln4sbxmwfwgjj880000gn/T/xcrun_db-Z2ACH5aE' (errno=Operation not permitted)
git: error: couldn't create cache file '/var/folders/79/vg1hhkl54ln4sbxmwfwgjj880000gn/T/xcrun_db-dfekDzjs' (errno=Operation not permitted)
{
  "checked_utc": "2026-10-10T20:49:24.151720+00:00",
  "selected_public_commit": "c063e5f83dfa71c97871eabc8b70cf8a8c1e0bc9",
  "all_53_production_hashes_stable": true,
  "preserved_manuscript_sha256": "bc951c3ffa7d3579b2f39a0949e38db27338ac32ac050e3f5359d4452573a7b1",
  "actual_HEAD": "c063e5f83dfa71c97871eabc8b70cf8a8c1e0bc9",
  "tracked_changes": false,
  "git_status": "?? proofs/maximum-modulus/lean/MaximumModulus/Audit/ComparatorChallenge.lean\n?? proofs/maximum-modulus/lean/MaximumModulus/Audit/OriginalProblem.lean\n",
  "untracked_state_scope": "Exactly the two trusted auditor modules; generated project logs are ignored by tracked parent proofs/maximum-modulus/.gitignore line 3; no other untracked source accepted",
  "project_checks_count": 91,
  "project_axiom_declaration_count": 126,
  "workflow_target_count": 8,
  "workflow_commands_count": 26,
  "workflow_inputs_stable": true,
  "exports": [
    {
      "label": "challenge",
      "module": "MaximumModulus.Audit.ComparatorChallenge",
      "bytes": 54014504,
      "sha256": "ac2fe5af1de529ac3607406107429058256542d824ac15bf4590dba2bdde0360",
      "identical_to_previous_export": true,
      "fresh_export_and_fresh_checker_execution": true
    },
    {
      "label": "solution",
      "module": "MaximumModulus.AllRadii",
      "bytes": 360280894,
      "sha256": "dfc65218ba9d699deaa8ed3191dd66f0a076d528fc36752b2217a13225f0ffd0",
      "identical_to_previous_export": true,
      "fresh_export_and_fresh_checker_execution": true
    }
  ],
  "challenge_specification_absent_from_solution_export": true,
  "checker_results": [
    "Lean paranoid",
    "lean4lean",
    "nanoda",
    "con-leche",
    "con-ron",
    "Lean default"
  ],
  "checker_counts": {
    "lean4lean": [
      "52015"
    ],
    "con_leche": [
      "52018"
    ],
    "con_ron": [
      "52018"
    ]
  },
  "dependencies": [
    {
      "name": "mathlib",
      "actual_revision": "81d17696471311f5e3e2f034236df7a781449f7e",
      "clean": true
    },
    {
      "name": "plausible",
      "actual_revision": "aef59637faa9e85fa2486acaaf906ce3f572af7c",
      "clean": true
    },
    {
      "name": "LeanSearchClient",
      "actual_revision": "234d9e074fbd6e911b920baf32db5291c3125be0",
      "clean": true
    },
    {
      "name": "importGraph",
      "actual_revision": "579f558774c4ac6840e715ba60dabf3030619349",
      "clean": true
    },
    {
      "name": "proofwidgets",
      "actual_revision": "d5ad4a0b79fa7f9818fe1380d05a3f6143823c09",
      "clean": true
    },
    {
      "name": "aesop",
      "actual_revision": "04879b1e1de744d5c9777c8cf63fa55a8f652e5e",
      "clean": true
    },
    {
      "name": "Qq",
      "actual_revision": "e7c4cdd2f1bf9df361ef7f621b4d6867012ab65e",
      "clean": true
    },
    {
      "name": "batteries",
      "actual_revision": "b71aaf60877e673fdb921f06f20987d12ee8a290",
      "clean": true
    },
    {
      "name": "Cli",
      "actual_revision": "82c11b9717083154aefc5fe8d4cba4bbf046298f",
      "clean": true
    }
  ],
  "trusted_tool_hashes_stable": true,
  "prior_checks_are_not_counted_as_fresh": true
}
