{
  "outside-user-data": {
    "blocked": true,
    "error": "PermissionError(1, 'Operation not permitted')"
  },
  "outside-tmp-data": {
    "blocked": true,
    "error": "PermissionError(1, 'Operation not permitted')"
  },
  "outside-tmp-write": {
    "blocked": true,
    "error": "PermissionError(1, 'Operation not permitted')"
  },
  "network": {
    "blocked": true,
    "error": "PermissionError(1, 'Operation not permitted')"
  },
  "trusted-toolchain": {
    "exit_code": 0,
    "stdout": "Lean (version 4.35.0-rc4, arm64-apple-darwin24.6.0, commit c29b6dda4f7c20e3eeaa717c4e565663c5cfa364, Release)\n",
    "stderr": ""
  }
}
