Lean (version 4.35.0-rc4, arm64-apple-darwin24.6.0, commit c29b6dda4f7c20e3eeaa717c4e565663c5cfa364, Release)
Lake version 5.0.0-src+c29b6dd (Lean version 4.35.0-rc4)
✔ [3054/3097] Built MaximumModulus.GlobalDegreeAux (3.2s)
✔ [3055/3097] Built MaximumModulus.FiberCapture (3.0s)
✔ [3056/3097] Built MaximumModulus.Definitions (4.2s)
✔ [3057/3097] Built MaximumModulus.SmallFibers (3.0s)
✔ [3058/3097] Built MaximumModulus.LocalValence (5.2s)
✔ [3059/3097] Built MaximumModulus.Basic (3.3s)
✔ [3060/3097] Built MaximumModulus.Reductions (3.5s)
✔ [3061/3097] Built MaximumModulus.Finiteness (3.9s)
✔ [3062/3097] Built MaximumModulus.BranchCollision (2.7s)
✔ [3063/3097] Built MaximumModulus.InverseRootChart (2.9s)
✔ [3064/3097] Built MaximumModulus.AEBridge (2.5s)
✔ [3065/3097] Built MaximumModulus.MaximaToFibers (2.5s)
✔ [3066/3097] Built MaximumModulus.DuplicateSafeCount (2.7s)
✔ [3067/3097] Built MaximumModulus.InversePairFamily (2.8s)
✔ [3068/3097] Built MaximumModulus.LogDerivative (3.4s)
✔ [3069/3097] Built MaximumModulus.LocalImageTopology (3.3s)
✔ [3070/3097] Built MaximumModulus.StatementAudit (1.0s)
✔ [3071/3097] Built MaximumModulus.MaximumStationarity (2.5s)
✔ [3072/3097] Built MaximumModulus.LocalReciprocal (2.1s)
✔ [3073/3097] Built MaximumModulus.FiniteImageGraphs (2.1s)
✔ [3074/3097] Built MaximumModulus.MeromorphicCorrespondence (2.4s)
✔ [3075/3097] Built MaximumModulus.MaximumEnvelope (2.2s)
✔ [3076/3097] Built MaximumModulus.PairNonvertical (2.5s)
✔ [3077/3097] Built MaximumModulus.SphereSmallFibers (2.7s)
✔ [3078/3097] Built MaximumModulus.ExceptionalRadii (2.9s)
✔ [3079/3097] Built MaximumModulus.PoleChart (2.0s)
✔ [3080/3097] Built MaximumModulus.BranchContinuation (3.8s)
✔ [3081/3097] Built MaximumModulus.GeometricReduction (2.4s)
✔ [3082/3097] Built MaximumModulus.ProductNonconstant (2.2s)
✔ [3083/3097] Built MaximumModulus.HighCountCapture (2.2s)
✔ [3084/3097] Built MaximumModulus.GlobalCharts (2.4s)
✔ [3085/3097] Built MaximumModulus.HighCountLocus (1.0s)
✔ [3086/3097] Built MaximumModulus.BoundaryCharts (2.3s)
✔ [3087/3097] Built MaximumModulus.FiniteValueCoordinates (2.5s)
✔ [3088/3097] Built MaximumModulus.FiniteTargetCover (2.8s)
✔ [3089/3097] Built MaximumModulus.InfinityCharts (2.0s)
✔ [3090/3097] Built MaximumModulus.FiniteExceptionalSet (2.3s)
✔ [3091/3097] Built MaximumModulus.HighCountInterior (2.4s)
✔ [3092/3097] Built MaximumModulus.InfinityInterior (2.3s)
✔ [3093/3097] Built MaximumModulus.OmittedTargetCover (1.9s)
✔ [3094/3097] Built MaximumModulus.HighCountGlobal (1.8s)
✔ [3095/3097] Built MaximumModulus.AllRadii (1.8s)
✔ [3096/3097] Built MaximumModulus (1.6s)
Build completed successfully (3097 jobs).
MaximumModulus.AllRadiiStatement : Prop
MaximumModulus.allRadiiStatement : MaximumModulus.AllRadiiStatement
MaximumModulus.bounded_maxPoints_at_arbitrarily_large_radii : ∀ (f : ℂ → ℂ),
  Differentiable ℂ f →
    f ≠ 0 →
      (¬∃ c m, c ≠ 0 ∧ ∀ (z : ℂ), f z = c * z ^ m) →
        ∃ B,
          ∀ (R : ℝ),
            0 < R →
              ∃ r,
                R < r ∧
                  {z | ‖z‖ = r ∧ ∀ (w : ℂ), ‖w‖ = r → ‖f w‖ ≤ ‖f z‖}.Finite ∧
                    {z | ‖z‖ = r ∧ ∀ (w : ℂ), ‖w‖ = r → ‖f w‖ ≤ ‖f z‖}.ncard ≤ B
MaximumModulus.all_radii_growth_impossible : ∀ (f : ℂ → ℂ),
  MaximumModulus.Entire f →
    f ≠ 0 →
      ¬MaximumModulus.IsMonomial f → ¬MaximumModulus.CountTendsToInfinity f ∧ ¬MaximumModulus.MaximaGrowOnAllRadii f
theorem MaximumModulus.allRadiiStatement : MaximumModulus.AllRadiiStatement :=
<not imported>
theorem MaximumModulus.bounded_maxPoints_at_arbitrarily_large_radii : ∀ (f : ℂ → ℂ),
  Differentiable ℂ f →
    f ≠ 0 →
      (¬∃ c m, c ≠ 0 ∧ ∀ (z : ℂ), f z = c * z ^ m) →
        ∃ B,
          ∀ (R : ℝ),
            0 < R →
              ∃ r,
                R < r ∧
                  {z | ‖z‖ = r ∧ ∀ (w : ℂ), ‖w‖ = r → ‖f w‖ ≤ ‖f z‖}.Finite ∧
                    {z | ‖z‖ = r ∧ ∀ (w : ℂ), ‖w‖ = r → ‖f w‖ ≤ ‖f z‖}.ncard ≤ B :=
<not imported>
theorem MaximumModulus.all_radii_growth_impossible : ∀ (f : ℂ → ℂ),
  MaximumModulus.Entire f →
    f ≠ 0 →
      ¬MaximumModulus.IsMonomial f → ¬MaximumModulus.CountTendsToInfinity f ∧ ¬MaximumModulus.MaximaGrowOnAllRadii f :=
<not imported>
'MaximumModulus.allRadiiStatement' depends on axioms: [propext, Classical.choice, Quot.sound]
'MaximumModulus.bounded_maxPoints_at_arbitrarily_large_radii' depends on axioms: [propext, Classical.choice, Quot.sound]
'MaximumModulus.all_radii_growth_impossible' depends on axioms: [propext, Classical.choice, Quot.sound]
'MaximumModulus.regularLogDerivativeHighCount_open_closure_projection' depends on axioms: [propext,
 Classical.choice,
 Quot.sound]
'MaximumModulus.regularLogDerivativeHighCount_empty' depends on axioms: [propext, Classical.choice, Quot.sound]
'MaximumModulus.omittedHighCountBranchCover_exists' depends on axioms: [propext, Classical.choice, Quot.sound]
'MaximumModulus.OmittedHighCountBranchCover.actual_closure_branches' depends on axioms: [propext,
 Classical.choice,
 Quot.sound]
'MaximumModulus.regular_high_count_closure_omitted_local_projection_isOpen' depends on axioms: [propext,
 Classical.choice,
 Quot.sound]
'MaximumModulus.InfinityTargetBranchCover.product_germ_nonconstant' depends on axioms: [propext,
 Classical.choice,
 Quot.sound]
'MaximumModulus.InfinityTargetBranchCover.high_count_selected_sandwich' depends on axioms: [propext,
 Classical.choice,
 Quot.sound]
'MaximumModulus.regularLogDerivativeHighCount_open_local_projection_at_infinity' depends on axioms: [propext,
 Classical.choice,
 Quot.sound]
@[expose] def MaximumModulus.Entire : (ℂ → ℂ) → Prop :=
fun f => Differentiable ℂ f
@[expose] def MaximumModulus.IsMonomial : (ℂ → ℂ) → Prop :=
fun f => ∃ c m, c ≠ 0 ∧ ∀ (z : ℂ), f z = c * z ^ m
@[expose] def MaximumModulus.MaxPoints : (ℂ → ℂ) → ℝ → Set ℂ :=
fun f r => {z | ‖z‖ = r ∧ ∀ (w : ℂ), ‖w‖ = r → ‖f w‖ ≤ ‖f z‖}
@[expose] def MaximumModulus.GoodRadius : (ℂ → ℂ) → ℕ → ℝ → Prop :=
fun f B r => (MaximumModulus.MaxPoints f r).Finite ∧ (MaximumModulus.MaxPoints f r).ncard ≤ B
@[expose] def MaximumModulus.CofinalBound : (ℂ → ℂ) → ℕ → Prop :=
fun f B => ∀ (R : ℝ), 0 < R → ∃ r, R < r ∧ MaximumModulus.GoodRadius f B r
@[expose] def MaximumModulus.AllRadiiStatement : Prop :=
∀ (f : ℂ → ℂ), MaximumModulus.Entire f → f ≠ 0 → ¬MaximumModulus.IsMonomial f → ∃ B, MaximumModulus.CofinalBound f B
@[expose] def MaximumModulus.AlmostEverywhereBoundStatement : Prop :=
∀ (f : ℂ → ℂ),
  MaximumModulus.Entire f →
    f ≠ 0 → ¬MaximumModulus.IsMonomial f → ∃ B, ∀ᵐ (r : ℝ), 0 < r → (MaximumModulus.MaxPoints f r).ncard ≤ B
theorem MaximumModulus.finite_maxPoints : ∀ {f : ℂ → ℂ},
  MaximumModulus.Entire f →
    f ≠ 0 → ¬MaximumModulus.IsMonomial f → ∀ {r : ℝ}, 0 < r → (MaximumModulus.MaxPoints f r).Finite :=
<not imported>
theorem MaximumModulus.cofinalBound_of_ae_ncard : ∀ {f : ℂ → ℂ},
  MaximumModulus.Entire f →
    f ≠ 0 →
      ¬MaximumModulus.IsMonomial f →
        ∀ {B : ℕ}, (∀ᵐ (r : ℝ), 0 < r → (MaximumModulus.MaxPoints f r).ncard ≤ B) → MaximumModulus.CofinalBound f B :=
<not imported>
theorem MaximumModulus.almostEverywhereStatement_implies_allRadiiStatement : MaximumModulus.AlmostEverywhereBoundStatement →
  MaximumModulus.AllRadiiStatement :=
<not imported>
theorem MaximumModulus.allRadiiStatement_implies_negative : MaximumModulus.AllRadiiStatement →
  ∀ (f : ℂ → ℂ),
    MaximumModulus.Entire f → f ≠ 0 → ¬MaximumModulus.IsMonomial f → ¬MaximumModulus.MaximaGrowOnAllRadii f :=
<not imported>
@[expose] def MaximumModulus.StatementAudit.OriginalRequiredStatement : Prop :=
∀ (f : ℂ → ℂ),
  Differentiable ℂ f →
    f ≠ 0 →
      (¬∃ c m, c ≠ 0 ∧ ∀ (z : ℂ), f z = c * z ^ m) →
        ∃ B,
          ∀ (R : ℝ),
            0 < R →
              ∃ r,
                R < r ∧
                  (MaximumModulus.StatementAudit.OriginalMaxPoints f r).Finite ∧
                    (MaximumModulus.StatementAudit.OriginalMaxPoints f r).ncard ≤ B
'MaximumModulus.maxPoints_nonempty' depends on axioms: [propext, Classical.choice, Quot.sound]
'MaximumModulus.closure_continues_through_finite_imageBranches' depends on axioms: [propext,
 Classical.choice,
 Quot.sound]
'MaximumModulus.finite_imageBranches_local_projection_isOpen' depends on axioms: [propext, Classical.choice, Quot.sound]
'MaximumModulus.finiteValueEmbedding_preimage_closure' depends on axioms: [propext, Classical.choice, Quot.sound]
'MaximumModulus.logarithmic_pair_product_germ_nonconstant' depends on axioms: [propext, Classical.choice, Quot.sound]
'MaximumModulus.finiteTargetBranchCover_exists' depends on axioms: [propext, Classical.choice, Quot.sound]
'MaximumModulus.FiniteTargetBranchCover.regular_at_punctured_branch' depends on axioms: [propext,
 Classical.choice,
 Quot.sound]
'MaximumModulus.FiniteTargetBranchCover.physical_count_radius' depends on axioms: [propext,
 Classical.choice,
 Quot.sound]
'MaximumModulus.finiteSingularTargets_locally_finite' depends on axioms: [propext, Classical.choice, Quot.sound]
'MaximumModulus.finiteSingularTargets_countable' depends on axioms: [propext, Classical.choice, Quot.sound]
'MaximumModulus.finiteSingularSquareRadii_countable' depends on axioms: [propext, Classical.choice, Quot.sound]
'MaximumModulus.positiveProductFiberBound_of_regular_high_count_empty' depends on axioms: [propext,
 Classical.choice,
 Quot.sound]
'MaximumModulus.logDerivative_high_count_omitted_finite_image_cover' depends on axioms: [propext,
 Classical.choice,
 Quot.sound]
'MaximumModulus.FiniteTargetBranchCover.central_fiber_count_le_branch' depends on axioms: [propext,
 Classical.choice,
 Quot.sound]
'MaximumModulus.FiniteTargetBranchCover.high_count_selected_sandwich' depends on axioms: [propext,
 Classical.choice,
 Quot.sound]
'MaximumModulus.finite_regular_high_count_closure_contains_analytic_branch' depends on axioms: [propext,
 Classical.choice,
 Quot.sound]
'MaximumModulus.regular_high_count_closure_finite_local_projection_isOpen' depends on axioms: [propext,
 Classical.choice,
 Quot.sound]
'MaximumModulus.infinityValueEmbedding_preimage_closure' depends on axioms: [propext, Classical.choice, Quot.sound]
'MaximumModulus.infinityTargetBranchCover_exists' depends on axioms: [propext, Classical.choice, Quot.sound]
'MaximumModulus.regularLogDerivativeHighCount_closure_product_ne_zero' depends on axioms: [propext,
 Classical.choice,
 Quot.sound]
'MaximumModulus.maxPoints_eq_norm_level' depends on axioms: [propext, Classical.choice, Quot.sound]
'MaximumModulus.entire_reflection' depends on axioms: [propext, Classical.choice, Quot.sound]
'MaximumModulus.analyticOnNhd_reflectionProduct' depends on axioms: [propext, Classical.choice, Quot.sound]
'MaximumModulus.reflectionProduct_eq_sq_norm' depends on axioms: [propext, Classical.choice, Quot.sound]
'MaximumModulus.reflectionProduct_constant_of_infinite_maxPoints' depends on axioms: [propext,
 Classical.choice,
 Quot.sound]
'MaximumModulus.entire_factor_at_zero' depends on axioms: [propext, Classical.choice, Quot.sound]
'MaximumModulus.eq_zero_value_of_reflectionProduct_constant' depends on axioms: [propext, Classical.choice, Quot.sound]
'MaximumModulus.isMonomial_of_reflectionProduct_constant' depends on axioms: [propext, Classical.choice, Quot.sound]
'MaximumModulus.finite_maxPoints' depends on axioms: [propext, Classical.choice, Quot.sound]
'MaximumModulus.cofinalBound_not_growth' depends on axioms: [propext, Classical.choice, Quot.sound]
'MaximumModulus.cofinalBound_not_tendsto' depends on axioms: [propext, Classical.choice, Quot.sound]
'MaximumModulus.cofinalBound_of_ae' depends on axioms: [propext, Classical.choice, Quot.sound]
'MaximumModulus.cofinalBound_of_locallyFinite_exceptions' depends on axioms: [propext, Classical.choice, Quot.sound]
'MaximumModulus.allRadiiStatement_implies_negative' depends on axioms: [propext, Classical.choice, Quot.sound]
'MaximumModulus.cofinalBound_of_ae_ncard' depends on axioms: [propext, Classical.choice, Quot.sound]
'MaximumModulus.almostEverywhereStatement_implies_allRadiiStatement' depends on axioms: [propext,
 Classical.choice,
 Quot.sound]
'MaximumModulus.small_inverse_pairs_finite_ncard_le' depends on axioms: [propext, Classical.choice, Quot.sound]
'MaximumModulus.inverse_pairs_eq_small_of_norm_lt_sq' depends on axioms: [propext, Classical.choice, Quot.sound]
'MaximumModulus.inverse_pairs_finite_ncard_le_of_norm_lt_sq' depends on axioms: [propext, Classical.choice, Quot.sound]
theorem MaximumModulus.analytic_local_valence : ∀ {A : ℂ → ℂ},
  AnalyticAt ℂ A 0 →
    analyticOrderAt (fun z => A z - A 0) 0 ≠ ⊤ →
      0 < analyticOrderNatAt (fun z => A z - A 0) 0 ∧
        ∃ ε,
          0 < ε ∧
            ∀ (p : ℂ),
              {z | ‖z‖ < ε ∧ A z = p}.Finite ∧
                {z | ‖z‖ < ε ∧ A z = p}.ncard ≤ analyticOrderNatAt (fun z => A z - A 0) 0 :=
<not imported>
'MaximumModulus.power_fiber_finite_ncard_le' depends on axioms: [propext, Classical.choice, Quot.sound]
'MaximumModulus.analytic_germ_root' depends on axioms: [propext, Classical.choice, Quot.sound]
'MaximumModulus.local_power_coordinate_valence' depends on axioms: [propext, Classical.choice, Quot.sound]
'MaximumModulus.analytic_local_valence' depends on axioms: [propext, Classical.choice, Quot.sound]
'MaximumModulus.maxPoints_mapsTo_inversePairs' depends on axioms: [propext, Classical.choice, Quot.sound]
'MaximumModulus.maxPoints_finite_ncard_le_inversePairs' depends on axioms: [propext, Classical.choice, Quot.sound]
'MaximumModulus.StatementAudit.statement_correspondence' depends on axioms: [propext, Classical.choice, Quot.sound]
'MaximumModulus.StatementAudit.original_finiteness' depends on axioms: [propext, Classical.choice, Quot.sound]
@[expose] def MaximumModulus.PositiveProductFiberBound : (ℂ → ℂ) → ℕ → ℕ → Prop :=
fun q m B =>
  ∃ S,
    S.Countable ∧
      ∀ (r : ℝ),
        0 < r →
          r ∉ S →
            ∀ (p : ℝ),
              ↑m < p →
                (MaximumModulus.InversePairs q (MaximumModulus.reflection q) (↑r ^ 2) ↑p).Finite ∧
                  (MaximumModulus.InversePairs q (MaximumModulus.reflection q) (↑r ^ 2) ↑p).ncard ≤ B
theorem MaximumModulus.cofinalBound_of_positiveProductFiberBound : ∀ {f g : ℂ → ℂ} {m B : ℕ},
  MaximumModulus.Entire g →
    g 0 ≠ 0 →
      ¬MaximumModulus.IsMonomial f →
        (∀ (z : ℂ), f z = z ^ m * g z) →
          MaximumModulus.PositiveProductFiberBound (MaximumModulus.normalizedLogDerivative m g) m B →
            MaximumModulus.CofinalBound f B :=
<not imported>
theorem MaximumModulus.normalizedLogDerivative_small_product_bound : ∀ {f g : ℂ → ℂ} {m : ℕ},
  MaximumModulus.Entire g →
    g 0 ≠ 0 →
      ¬MaximumModulus.IsMonomial f →
        (∀ (z : ℂ), f z = z ^ m * g z) →
          ∃ ε,
            0 < ε ∧
              ∀ (s p : ℂ),
                s ≠ 0 →
                  ‖s‖ < ε ^ 2 →
                    (MaximumModulus.InversePairs (MaximumModulus.normalizedLogDerivative m g)
                          (MaximumModulus.reflection (MaximumModulus.normalizedLogDerivative m g)) s p).Finite ∧
                      (MaximumModulus.InversePairs (MaximumModulus.normalizedLogDerivative m g)
                            (MaximumModulus.reflection (MaximumModulus.normalizedLogDerivative m g)) s p).ncard ≤
                        2 * analyticOrderNatAt (fun z => MaximumModulus.normalizedLogDerivative m g z - ↑m) 0 :=
<not imported>
theorem MaximumModulus.exists_positive_envelope_derivative_off_countable : ∀ {f : ℂ → ℂ},
  MaximumModulus.Entire f →
    (¬∃ c, ∀ (z : ℂ), f z = c) →
      ∀ {a b : ℝ},
        0 < a →
          a < b →
            ∀ {S : Set ℝ},
              S.Countable →
                ∃ r ∈ Set.Ioo a b,
                  r ∉ S ∧
                    DifferentiableAt ℝ (MaximumModulus.squaredMaximum f) r ∧
                      0 < deriv (MaximumModulus.squaredMaximum f) r :=
<not imported>
'MaximumModulus.imageBranch_fibers_radius' depends on axioms: [propext, Classical.choice, Quot.sound]
'MaximumModulus.finite_imageBranch_comparisons_radius' depends on axioms: [propext, Classical.choice, Quot.sound]
'MaximumModulus.analytic_inverseRoot_chart' depends on axioms: [propext, Classical.choice, Quot.sound]
'MaximumModulus.analytic_inverseRoot_capture' depends on axioms: [propext, Classical.choice, Quot.sound]
'MaximumModulus.analytic_inverseRoot_family' depends on axioms: [propext, Classical.choice, Quot.sound]
'MaximumModulus.analytic_inverseRoot_pair_family' depends on axioms: [propext, Classical.choice, Quot.sound]
'MaximumModulus.analytic_inverseRoot_local_fiber_count' depends on axioms: [propext, Classical.choice, Quot.sound]
'MaximumModulus.weightedLogDerivative_factor' depends on axioms: [propext, Classical.choice, Quot.sound]
'MaximumModulus.normalizedLogDerivative_finite_order' depends on axioms: [propext, Classical.choice, Quot.sound]
'MaximumModulus.normalizedLogDerivative_no_reciprocal_symmetry' depends on axioms: [propext,
 Classical.choice,
 Quot.sound]
'MaximumModulus.normalizedLogDerivative_small_product_bound' depends on axioms: [propext, Classical.choice, Quot.sound]
'MaximumModulus.no_local_normalized_reciprocity' depends on axioms: [propext, Classical.choice, Quot.sound]
'MaximumModulus.continuous_sphereLogDerivative' depends on axioms: [propext, Classical.choice, Quot.sound]
'MaximumModulus.normalizedLogDerivative_finite_inverse_pairs' depends on axioms: [propext, Classical.choice, Quot.sound]
'MaximumModulus.compact_sphereLogDerivative_inverse_image' depends on axioms: [propext, Classical.choice, Quot.sound]
'MaximumModulus.isProperMap_sphereCorrespondenceMap' depends on axioms: [propext, Classical.choice, Quot.sound]
'MaximumModulus.sphereCorrespondenceMap_finite_fiber' depends on axioms: [propext, Classical.choice, Quot.sound]
'MaximumModulus.angular_stationarity' depends on axioms: [propext, Classical.choice, Quot.sound]
'MaximumModulus.value_ne_zero_of_maxPoint' depends on axioms: [propext, Classical.choice, Quot.sound]
'MaximumModulus.common_logarithmic_derivative_at_maxPoints' depends on axioms: [propext, Classical.choice, Quot.sound]
'MaximumModulus.actual_maxPoints_mapsTo_inversePairs' depends on axioms: [propext, Classical.choice, Quot.sound]
'MaximumModulus.squaredMaximum_strictMonoOn' depends on axioms: [propext, Classical.choice, Quot.sound]
'MaximumModulus.squaredMaximum_lipschitzOn_Icc' depends on axioms: [propext, Classical.choice, Quot.sound]
'MaximumModulus.exists_positive_envelope_derivative_off_countable' depends on axioms: [propext,
 Classical.choice,
 Quot.sound]
'MaximumModulus.cofinalBound_of_positiveProductFiberBound' depends on axioms: [propext, Classical.choice, Quot.sound]
'MaximumModulus.bad_locus_empty_of_open_closure_projection' depends on axioms: [propext, Classical.choice, Quot.sound]
'MaximumModulus.analytic_imageBranch_locally_closed' depends on axioms: [propext, Classical.choice, Quot.sound]
'MaximumModulus.imageBranch_full_branch_of_clopen_membership' depends on axioms: [propext, Classical.choice, Quot.sound]
'MaximumModulus.isOpen_product_projection_of_analytic_charts' depends on axioms: [propext, Classical.choice, Quot.sound]
'MaximumModulus.compact_fiber_capture' depends on axioms: [propext, Classical.choice, Quot.sound]
'MaximumModulus.closedMap_fiber_capture' depends on axioms: [propext, Classical.choice, Quot.sound]
'MaximumModulus.normalizedLogDerivative_finite_order_regular' depends on axioms: [propext, Classical.choice, Quot.sound]
'MaximumModulus.reciprocalSphereLogDerivative_pole_germ' depends on axioms: [propext, Classical.choice, Quot.sound]
'MaximumModulus.sphereLogDerivative_pole_inverse_chart' depends on axioms: [propext, Classical.choice, Quot.sound]
'MaximumModulus.sphereLogDerivative_regular_inverse_chart' depends on axioms: [propext, Classical.choice, Quot.sound]
'MaximumModulus.finite_entire_zeros_in_compact_of_ne_zero' depends on axioms: [propext, Classical.choice, Quot.sound]
'MaximumModulus.finite_sphereLogDerivative_omitted_roots_in_compact' depends on axioms: [propext,
 Classical.choice,
 Quot.sound]
'MaximumModulus.sphereLogDerivative_small_product_bound' depends on axioms: [propext, Classical.choice, Quot.sound]
'MaximumModulus.imageBranch_noncentral_image_is_graph' depends on axioms: [propext, Classical.choice, Quot.sound]
'MaximumModulus.selected_imageBranches_punctured_closure' depends on axioms: [propext, Classical.choice, Quot.sound]
'MaximumModulus.imageBranch_full_branch_of_captured_subbranches' depends on axioms: [propext,
 Classical.choice,
 Quot.sound]
'MaximumModulus.closure_of_local_selected_imageBranches' depends on axioms: [propext, Classical.choice, Quot.sound]
'MaximumModulus.local_selected_imageBranches_closure_projection_isOpen' depends on axioms: [propext,
 Classical.choice,
 Quot.sound]
'MaximumModulus.logDerivative_high_count_has_bounded_survivor' depends on axioms: [propext,
 Classical.choice,
 Quot.sound]
'MaximumModulus.logDerivative_high_count_omitted_value_capture' depends on axioms: [propext,
 Classical.choice,
 Quot.sound]
'MaximumModulus.finite_omitted_roots_in_coordinate_annulus' depends on axioms: [propext, Classical.choice, Quot.sound]
'MaximumModulus.imageBranches_eq_or_disjoint_of_stable_comparisons' depends on axioms: [propext,
 Classical.choice,
 Quot.sound]
'MaximumModulus.finite_imageBranches_noncentral_image_is_graph' depends on axioms: [propext,
 Classical.choice,
 Quot.sound]
'MaximumModulus.inverseRoot_branch_germ_nonconstant' depends on axioms: [propext, Classical.choice, Quot.sound]
'MaximumModulus.no_constant_product_regular_pair_germ' depends on axioms: [propext, Classical.choice, Quot.sound]
'MaximumModulus.no_constant_product_spherical_regular_pair_germ' depends on axioms: [propext,
 Classical.choice,
 Quot.sound]
'MaximumModulus.sphereCorrespondence_regular_chart_capture' depends on axioms: [propext, Classical.choice, Quot.sound]
'MaximumModulus.finite_orders_common_power' depends on axioms: [propext, Classical.choice, Quot.sound]
'MaximumModulus.RegularSpherePairChart.capture_rootPair' depends on axioms: [propext, Classical.choice, Quot.sound]
'MaximumModulus.sphereCorrespondence_regular_root_capture' depends on axioms: [propext, Classical.choice, Quot.sound]
'MaximumModulus.RegularSpherePairChart.rootPair_values_radius' depends on axioms: [propext,
 Classical.choice,
 Quot.sound]
'MaximumModulus.regularSphereRootFamily_values_radius' depends on axioms: [propext, Classical.choice, Quot.sound]
'MaximumModulus.regularSphereRootPair_analytic' depends on axioms: [propext, Classical.choice, Quot.sound]
'MaximumModulus.sphereCorrespondence_regular_finite_family' depends on axioms: [propext, Classical.choice, Quot.sound]
'MaximumModulus.countable_exceptional_sphere_targets' depends on axioms: [propext, Classical.choice, Quot.sound]
'MaximumModulus.countable_exceptional_sphere_radii' depends on axioms: [propext, Classical.choice, Quot.sound]
@[expose] def MaximumModulus.RegularLogDerivativeHighCount : ℕ → (ℂ → ℂ) → ℕ → Set (ℂ × OnePoint ℂ) :=
fun m g L =>
  {y | y ∈ MaximumModulus.LogDerivativeHighCount m g L ∧ ∃ p, y.2 = ↑p ∧ MaximumModulus.IsSingleValueGraph m g (y.1, p)}
'MaximumModulus.regularLogDerivativeHighCount_closure_avoids_small_products' depends on axioms: [propext,
 Classical.choice,
 Quot.sound]
'MaximumModulus.regularLogDerivativeHighCount_empty_of_open_closure_projection' depends on axioms: [propext,
 Classical.choice,
 Quot.sound]
'MaximumModulus.sphere_inversePairs_eq_normalized' depends on axioms: [propext, Classical.choice, Quot.sound]
'MaximumModulus.normalized_inversePairs_bound_at_regular_target' depends on axioms: [propext,
 Classical.choice,
 Quot.sound]
'MaximumModulus.finite_analytic_physical_inversePairs_count_radius' depends on axioms: [propext,
 Classical.choice,
 Quot.sound]
'MaximumModulus.productGermClass_eq_univ_of_total_graph' depends on axioms: [propext, Classical.choice, Quot.sound]
'MaximumModulus.central_fiber_count_le_of_total_graph' depends on axioms: [propext, Classical.choice, Quot.sound]
replaying MaximumModulus.AEBridge
replaying MaximumModulus.AllRadii
replaying MaximumModulus.Basic
replaying MaximumModulus.BoundaryCharts
replaying MaximumModulus.BranchCollision
replaying MaximumModulus.BranchContinuation
replaying MaximumModulus.Definitions
replaying MaximumModulus.DuplicateSafeCount
replaying MaximumModulus.ExceptionalRadii
replaying MaximumModulus.FiberCapture
replaying MaximumModulus.FiniteExceptionalSet
replaying MaximumModulus.FiniteImageGraphs
replaying MaximumModulus.FiniteTargetCover
replaying MaximumModulus.FiniteValueCoordinates
replaying MaximumModulus.Finiteness
replaying MaximumModulus.GeometricReduction
replaying MaximumModulus.GlobalCharts
replaying MaximumModulus.GlobalDegreeAux
replaying MaximumModulus.HighCountCapture
replaying MaximumModulus.HighCountGlobal
replaying MaximumModulus.HighCountInterior
replaying MaximumModulus.HighCountLocus
replaying MaximumModulus.InfinityCharts
replaying MaximumModulus.InfinityInterior
replaying MaximumModulus.InversePairFamily
replaying MaximumModulus.InverseRootChart
replaying MaximumModulus.LocalImageTopology
replaying MaximumModulus.LocalReciprocal
replaying MaximumModulus.LocalValence
replaying MaximumModulus.LogDerivative
replaying MaximumModulus.MaximaToFibers
replaying MaximumModulus.MaximumEnvelope
replaying MaximumModulus.MaximumStationarity
replaying MaximumModulus.MeromorphicCorrespondence
replaying MaximumModulus.OmittedTargetCover
replaying MaximumModulus.PairNonvertical
replaying MaximumModulus.PoleChart
replaying MaximumModulus.ProductNonconstant
replaying MaximumModulus.Reductions
replaying MaximumModulus.SmallFibers
replaying MaximumModulus.SphereSmallFibers
replaying MaximumModulus.StatementAudit
git: error: couldn't create cache file '/var/folders/79/vg1hhkl54ln4sbxmwfwgjj880000gn/T/xcrun_db-8FE0EQJ9' (errno=Operation not permitted)
git: error: couldn't create cache file '/var/folders/79/vg1hhkl54ln4sbxmwfwgjj880000gn/T/xcrun_db-PhXQJO5Z' (errno=Operation not permitted)
git: error: couldn't create cache file '/var/folders/79/vg1hhkl54ln4sbxmwfwgjj880000gn/T/xcrun_db-aCeQYQst' (errno=Operation not permitted)
git: error: couldn't create cache file '/var/folders/79/vg1hhkl54ln4sbxmwfwgjj880000gn/T/xcrun_db-hFFN9dUE' (errno=Operation not permitted)
git: error: couldn't create cache file '/var/folders/79/vg1hhkl54ln4sbxmwfwgjj880000gn/T/xcrun_db-f8AWpDjM' (errno=Operation not permitted)
git: error: couldn't create cache file '/var/folders/79/vg1hhkl54ln4sbxmwfwgjj880000gn/T/xcrun_db-BEfrirzu' (errno=Operation not permitted)
git: error: couldn't create cache file '/var/folders/79/vg1hhkl54ln4sbxmwfwgjj880000gn/T/xcrun_db-qG9O2og5' (errno=Operation not permitted)
git: error: couldn't create cache file '/var/folders/79/vg1hhkl54ln4sbxmwfwgjj880000gn/T/xcrun_db-3LNfBe1q' (errno=Operation not permitted)
git: error: couldn't create cache file '/var/folders/79/vg1hhkl54ln4sbxmwfwgjj880000gn/T/xcrun_db-FR0cRaXu' (errno=Operation not permitted)
git: error: couldn't create cache file '/var/folders/79/vg1hhkl54ln4sbxmwfwgjj880000gn/T/xcrun_db-iHD6NCLI' (errno=Operation not permitted)
git: error: couldn't create cache file '/var/folders/79/vg1hhkl54ln4sbxmwfwgjj880000gn/T/xcrun_db-njQHHAtd' (errno=Operation not permitted)
git: error: couldn't create cache file '/var/folders/79/vg1hhkl54ln4sbxmwfwgjj880000gn/T/xcrun_db-Pc9MNXfx' (errno=Operation not permitted)
git: error: couldn't create cache file '/var/folders/79/vg1hhkl54ln4sbxmwfwgjj880000gn/T/xcrun_db-x8MzKjLI' (errno=Operation not permitted)
git: error: couldn't create cache file '/var/folders/79/vg1hhkl54ln4sbxmwfwgjj880000gn/T/xcrun_db-MDy0Ud97' (errno=Operation not permitted)
git: error: couldn't create cache file '/var/folders/79/vg1hhkl54ln4sbxmwfwgjj880000gn/T/xcrun_db-Dy0TYoZP' (errno=Operation not permitted)
git: error: couldn't create cache file '/var/folders/79/vg1hhkl54ln4sbxmwfwgjj880000gn/T/xcrun_db-YLkYGnPA' (errno=Operation not permitted)
git: error: couldn't create cache file '/var/folders/79/vg1hhkl54ln4sbxmwfwgjj880000gn/T/xcrun_db-QV3Qh4T1' (errno=Operation not permitted)
git: error: couldn't create cache file '/var/folders/79/vg1hhkl54ln4sbxmwfwgjj880000gn/T/xcrun_db-GSvAIMWd' (errno=Operation not permitted)
git: error: couldn't create cache file '/var/folders/79/vg1hhkl54ln4sbxmwfwgjj880000gn/T/xcrun_db-IssTw0iZ' (errno=Operation not permitted)
git: error: couldn't create cache file '/var/folders/79/vg1hhkl54ln4sbxmwfwgjj880000gn/T/xcrun_db-PzcjakAr' (errno=Operation not permitted)
git: error: couldn't create cache file '/var/folders/79/vg1hhkl54ln4sbxmwfwgjj880000gn/T/xcrun_db-ySPcsx12' (errno=Operation not permitted)
git: error: couldn't create cache file '/var/folders/79/vg1hhkl54ln4sbxmwfwgjj880000gn/T/xcrun_db-qObXFXaf' (errno=Operation not permitted)
git: error: couldn't create cache file '/var/folders/79/vg1hhkl54ln4sbxmwfwgjj880000gn/T/xcrun_db-jkvRHx0u' (errno=Operation not permitted)
git: error: couldn't create cache file '/var/folders/79/vg1hhkl54ln4sbxmwfwgjj880000gn/T/xcrun_db-NUzRtN6h' (errno=Operation not permitted)
git: error: couldn't create cache file '/var/folders/79/vg1hhkl54ln4sbxmwfwgjj880000gn/T/xcrun_db-DWprOiL5' (errno=Operation not permitted)
git: error: couldn't create cache file '/var/folders/79/vg1hhkl54ln4sbxmwfwgjj880000gn/T/xcrun_db-eVD3W8uj' (errno=Operation not permitted)
git: error: couldn't create cache file '/var/folders/79/vg1hhkl54ln4sbxmwfwgjj880000gn/T/xcrun_db-3SERWmMz' (errno=Operation not permitted)
git: error: couldn't create cache file '/var/folders/79/vg1hhkl54ln4sbxmwfwgjj880000gn/T/xcrun_db-bzyfYXhS' (errno=Operation not permitted)
git: error: couldn't create cache file '/var/folders/79/vg1hhkl54ln4sbxmwfwgjj880000gn/T/xcrun_db-wQlzytjr' (errno=Operation not permitted)
git: error: couldn't create cache file '/var/folders/79/vg1hhkl54ln4sbxmwfwgjj880000gn/T/xcrun_db-Gd76YDrv' (errno=Operation not permitted)
git: error: couldn't create cache file '/var/folders/79/vg1hhkl54ln4sbxmwfwgjj880000gn/T/xcrun_db-LVzO8Grf' (errno=Operation not permitted)
git: error: couldn't create cache file '/var/folders/79/vg1hhkl54ln4sbxmwfwgjj880000gn/T/xcrun_db-CoHUTtQC' (errno=Operation not permitted)
git: error: couldn't create cache file '/var/folders/79/vg1hhkl54ln4sbxmwfwgjj880000gn/T/xcrun_db-hsUN9pVx' (errno=Operation not permitted)
git: error: couldn't create cache file '/var/folders/79/vg1hhkl54ln4sbxmwfwgjj880000gn/T/xcrun_db-5M3WkxGj' (errno=Operation not permitted)
git: error: couldn't create cache file '/var/folders/79/vg1hhkl54ln4sbxmwfwgjj880000gn/T/xcrun_db-cWIN3bF1' (errno=Operation not permitted)
git: error: couldn't create cache file '/var/folders/79/vg1hhkl54ln4sbxmwfwgjj880000gn/T/xcrun_db-SSDK6lXP' (errno=Operation not permitted)
{
  "dependencies": [
    {
      "name": "mathlib",
      "revision": "81d17696471311f5e3e2f034236df7a781449f7e",
      "url": "https://github.com/leanprover-community/mathlib4.git",
      "tracked_tree": "clean"
    },
    {
      "name": "plausible",
      "revision": "aef59637faa9e85fa2486acaaf906ce3f572af7c",
      "url": "https://github.com/leanprover-community/plausible",
      "tracked_tree": "clean"
    },
    {
      "name": "LeanSearchClient",
      "revision": "234d9e074fbd6e911b920baf32db5291c3125be0",
      "url": "https://github.com/leanprover-community/LeanSearchClient",
      "tracked_tree": "clean"
    },
    {
      "name": "importGraph",
      "revision": "579f558774c4ac6840e715ba60dabf3030619349",
      "url": "https://github.com/leanprover-community/import-graph",
      "tracked_tree": "clean"
    },
    {
      "name": "proofwidgets",
      "revision": "d5ad4a0b79fa7f9818fe1380d05a3f6143823c09",
      "url": "https://github.com/leanprover-community/ProofWidgets4",
      "tracked_tree": "clean"
    },
    {
      "name": "aesop",
      "revision": "04879b1e1de744d5c9777c8cf63fa55a8f652e5e",
      "url": "https://github.com/leanprover-community/aesop",
      "tracked_tree": "clean"
    },
    {
      "name": "Qq",
      "revision": "e7c4cdd2f1bf9df361ef7f621b4d6867012ab65e",
      "url": "https://github.com/leanprover-community/quote4",
      "tracked_tree": "clean"
    },
    {
      "name": "batteries",
      "revision": "b71aaf60877e673fdb921f06f20987d12ee8a290",
      "url": "https://github.com/leanprover-community/batteries",
      "tracked_tree": "clean"
    },
    {
      "name": "Cli",
      "revision": "82c11b9717083154aefc5fe8d4cba4bbf046298f",
      "url": "https://github.com/leanprover/lean4-cli",
      "tracked_tree": "clean"
    }
  ],
  "source_sha256": {
    "MaximumModulus.lean": "7711659c615b8d2de7c6eac37b04486ebf620ffafdcced996c491a3ba0151067",
    "CheckAxioms.lean": "4fac820aede4bffa94634b16655a822e52975354a2797c1aa8be3bdde3496afa",
    "MaximumModulus/AEBridge.lean": "ceeb0a8e8c405504b28b0d9669626532170f6b10b967be171dddebfe8ea67fb3",
    "MaximumModulus/AllRadii.lean": "6a16ff9d2c62449f637d0eb727d3605b26f37744eb4eb46f7b2fe771c497a9d7",
    "MaximumModulus/Basic.lean": "d5630a0d8ff56b433b25051db69a807df6ee1bb2ab0ea4085417e785bcca045c",
    "MaximumModulus/BoundaryCharts.lean": "337e660ab7b136734531c6cbaf782c3353294b6da69bed62e2a9d7023be87ac4",
    "MaximumModulus/BranchCollision.lean": "7be2e6b7d143154440a27fcef427dbd05bcd38604fe78c75614633d05b7d5fda",
    "MaximumModulus/BranchContinuation.lean": "f83f736cb203ab7a7c8fcd4db9a23ee0348183f38bdb373ad3873f45773553d7",
    "MaximumModulus/Definitions.lean": "773671cd9bb474371afb63263c2b4975341ecb6c8bab43894c281bbfd31a7e7d",
    "MaximumModulus/DuplicateSafeCount.lean": "19ce299de1437bdb19d9e786c82088f27b27967e0a901853cb10365e29522534",
    "MaximumModulus/ExceptionalRadii.lean": "9daba9dc313c1c781c27c3ceb5dfa716ed7aa706d407df0b9a4f7bf9b27db356",
    "MaximumModulus/FiberCapture.lean": "329432a68505235a62ca16ac7f9cb96ef8f699d8ba8e61eb630e0b7c518fe958",
    "MaximumModulus/FiniteExceptionalSet.lean": "c7722d63191e6a1bc3173aaf5d7ffbfe4c23c0398d403eb079ea9c42468140d6",
    "MaximumModulus/FiniteImageGraphs.lean": "e0e8b33e9b0d2e06abd7b711e22b98f4eb0268468428b525306cc5abb2a27376",
    "MaximumModulus/FiniteTargetCover.lean": "de0c276e63ed5201b191f77d0d8f461b87ccf273186c935ee4156bee23f97563",
    "MaximumModulus/FiniteValueCoordinates.lean": "ff2c819ab02822e64a727b44426456cfd569f4ea70a4763de38ebdc322851183",
    "MaximumModulus/Finiteness.lean": "990b92706af6a1eb75f3758b32ea36f16cd1781d6748145fd5c050916409dcfb",
    "MaximumModulus/GeometricReduction.lean": "0614e85cb9417f9544134fc0a2fa27c497c7ce23145fcbcf66c75497594e7113",
    "MaximumModulus/GlobalCharts.lean": "07d536809cf97043678f89af214f598793b521c3ff897b414d517b403dbcad6b",
    "MaximumModulus/GlobalDegreeAux.lean": "bb9d9fad1ffc1b00e1bda5e02a1c3b96d161ddea2d55c7d224584d6630388d7c",
    "MaximumModulus/HighCountCapture.lean": "dcca257d6e722145357260aed1acdf58b21929f2d8161eec3c7220b58abf94cc",
    "MaximumModulus/HighCountGlobal.lean": "4484fc5ece2548ae58c786fecc5bd6bee10b25a7d456775ae3f860025b7bce71",
    "MaximumModulus/HighCountInterior.lean": "d41d90b40201a0b465c8949db489f99b848ae6e1cfe2711158e59b8b7c7fb9ec",
    "MaximumModulus/HighCountLocus.lean": "db7fb34afd4fc0a2b1a852394ee1bb448eca69902bc01f0497c82e0dd6bfb144",
    "MaximumModulus/InfinityCharts.lean": "0e364eaa4e737a7ccdafeaeedf89b22fe8b793e4d7de8fe4b1ca61214f205f0e",
    "MaximumModulus/InfinityInterior.lean": "db687965a8163bd7f45c0e40b7ea66b9ce7c840432f3231818ea383f91eaedc0",
    "MaximumModulus/InversePairFamily.lean": "e13cc2e39498732ba5caa56a3233ebf5545576235a1bdf5beaf9b95e7dd556f0",
    "MaximumModulus/InverseRootChart.lean": "4f45d67d8b5b72829593638aa833a09bb3fb3a16163d12cbd58492fb7ce9b43f",
    "MaximumModulus/LocalImageTopology.lean": "5048616e61e9e068f25862923a99be5f067c6a953f1ff6223a2e170acd3d024e",
    "MaximumModulus/LocalReciprocal.lean": "b480a9d5123c14b8afa5967aba4c560dbc176311ac30f175856ee81d7170cbf1",
    "MaximumModulus/LocalValence.lean": "1bc714f213b1a51760d18cf3f71e21ae56db8d3a30dd5e27112a29277425718a",
    "MaximumModulus/LogDerivative.lean": "276604496051dc14d6944a9c0c44010355ecdec077c30064d76346104ac3825e",
    "MaximumModulus/MaximaToFibers.lean": "1d6545874af6c1b07f64520fcc90969475df6d6a7df21504a05abea8ac87c743",
    "MaximumModulus/MaximumEnvelope.lean": "dfbc0c1bf985fa8f4e4476bfc90e2b2657819aa1ed907360c5ce0ed1c5cdbe2f",
    "MaximumModulus/MaximumStationarity.lean": "08e7c781b9565dbf8ccddf63f2b22827aee3a04fbba860db98d03ad4d3e093b3",
    "MaximumModulus/MeromorphicCorrespondence.lean": "fb958b7065c45328a074315baa544df054330434cda908de390667ac74605ea7",
    "MaximumModulus/OmittedTargetCover.lean": "92c4880890a9dd7be8d157ea8754704349c727c729a2bdbabc7d6cfcd48c9aa9",
    "MaximumModulus/PairNonvertical.lean": "f9606ec4951b64f1959ded8a9fd53e272f24ea5da3bd0c10583bc2e7d5d73690",
    "MaximumModulus/PoleChart.lean": "55b48efcb4db00e4436344340e440758d51d4ad4d7797e3db14d25e17d450dd0",
    "MaximumModulus/ProductNonconstant.lean": "b9fc1ba4687c7aaf2073413344b6de0d30b0908b58ec382d34db1dbaf6223c1f",
    "MaximumModulus/Reductions.lean": "81095abc9340c0a5ca229f539eca282b85ecfdbd6e07a2f49b6be927f8d4ff76",
    "MaximumModulus/SmallFibers.lean": "4c979b871a67cac79515d9f389550f11f2996fe8f431a36d8f93039c11068848",
    "MaximumModulus/SphereSmallFibers.lean": "cd9945df30d39c17d20540402f141bc621cf1ab886d1cae29ca0122fd0fdcf55",
    "MaximumModulus/StatementAudit.lean": "bb4ae82fa516d338263d4ce361522c4a012ebcf8507064c2d1148edbffcf0cbe",
    "lean-toolchain": "8f89aa44fccdb1a0b6cc768c7c9f54b94cd40e47a08d582f82d1235f13075cf7",
    "lakefile.toml": "5d8ab5b472f35876f885594bf3cb7b4986303d0f7212593ecb63cef865baea39",
    "lake-manifest.json": "cb333575666396aefa2ed281978edc586f0535a0079b76012f32db0f18052b38",
    "scripts/audit-mathlib.py": "da835bc0272e50ee0c902cdbf0595ef81c294d310e004dc67b3d7478a4569a6d",
    "scripts/fetch_cache.py": "42327e06bbca544fc620c6e29c30648c2306bd879378cf7e7f817754ed88ba13",
    "scripts/run_logged.py": "f2b253d125b1c49ba1554096a4a423fdffcff8268011445f66f0e04a9052eb6e",
    "scripts/source_integrity.py": "6ab892c4e81d1103f4ac6e58259e2a953b591f0b599509acbe0e6e2c84ad07b3",
    "scripts/summarize_verification.py": "31aa021db27f03b39d17882826cf27388c80e13d7e25b0906034fecd8a5fc473",
    "scripts/verify.sh": "bf0aec9545c27fda02d61be6421fc4b1b4d17565c9821831ff5a1a0279b148a3"
  },
  "manuscript_sha256": "bc951c3ffa7d3579b2f39a0949e38db27338ac32ac050e3f5359d4452573a7b1",
  "scan": "No prohibited placeholder/custom-axiom/native-computation/kernel-skip keywords in project Lean code after removing comments."
}
All listed project checks actually returned exit 0.
The exact unconditional all-radii theorem was checked with only standard foundational axioms.
Report: logs/verification-summary.json
