Current branch: HEAD
Using cache from origin: (some leanprover-community/mathlib4)
Attempting to download 2846 file(s) from leanprover-community/mathlib4 cache at https://lakecache.blob.core.windows.net/mathlib4-master

Downloaded: 1 file(s) [attempted 1/2846 = 0%, 6 KB/s][K
Downloaded: 14 file(s) [attempted 14/2846 = 0%, 3 KB/s][K
Downloaded: 22 file(s) [attempted 22/2846 = 0%, 3 KB/s][K
Downloaded: 31 file(s) [attempted 31/2846 = 1%, 34 KB/s][K
Downloaded: 44 file(s) [attempted 44/2846 = 1%, 23 KB/s][K
Downloaded: 53 file(s) [attempted 53/2846 = 1%, 34 KB/s][K
Downloaded: 63 file(s) [attempted 63/2846 = 2%, 30 KB/s][K
Downloaded: 78 file(s) [attempted 78/2846 = 2%, 162 KB/s][K
Downloaded: 86 file(s) [attempted 86/2846 = 3%, 142 KB/s][K
Downloaded: 102 file(s) [attempted 102/2846 = 3%, 48 KB/s][K
Downloaded: 120 file(s) [attempted 120/2846 = 4%, 405 KB/s][K
Downloaded: 136 file(s) [attempted 136/2846 = 4%, 163 KB/s][K
Downloaded: 164 file(s) [attempted 164/2846 = 5%, 184 KB/s][K
Downloaded: 180 file(s) [attempted 180/2846 = 6%, 105 KB/s][K
Downloaded: 208 file(s) [attempted 208/2846 = 7%, 84 KB/s][K
Downloaded: 227 file(s) [attempted 227/2846 = 7%, 25 KB/s][K
Downloaded: 246 file(s) [attempted 246/2846 = 8%, 171 KB/s][K
Downloaded: 265 file(s) [attempted 265/2846 = 9%, 188 KB/s][K
Downloaded: 294 file(s) [attempted 294/2846 = 10%, 25 KB/s][K
Downloaded: 313 file(s) [attempted 313/2846 = 10%, 166 KB/s][K
Downloaded: 341 file(s) [attempted 341/2846 = 11%, 23 KB/s][K
Downloaded: 360 file(s) [attempted 360/2846 = 12%, 123 KB/s][K
Downloaded: 389 file(s) [attempted 389/2846 = 13%, 225 KB/s][K
Downloaded: 408 file(s) [attempted 408/2846 = 14%, 327 KB/s][K
Downloaded: 436 file(s) [attempted 436/2846 = 15%, 25 KB/s][K
Downloaded: 455 file(s) [attempted 455/2846 = 15%, 57 KB/s][K
Downloaded: 484 file(s) [attempted 484/2846 = 17%, 18 KB/s][K
Downloaded: 503 file(s) [attempted 503/2846 = 17%, 272 KB/s][K
Downloaded: 512 file(s) [attempted 512/2846 = 17%, 25 KB/s][K
Downloaded: 531 file(s) [attempted 531/2846 = 18%, 176 KB/s][K
Downloaded: 550 file(s) [attempted 550/2846 = 19%, 109 KB/s][K
Downloaded: 560 file(s) [attempted 560/2846 = 19%, 37 KB/s][K
Downloaded: 579 file(s) [attempted 579/2846 = 20%, 170 KB/s][K
Downloaded: 598 file(s) [attempted 598/2846 = 21%, 64 KB/s][K
Downloaded: 607 file(s) [attempted 607/2846 = 21%, 40 KB/s][K
Downloaded: 626 file(s) [attempted 626/2846 = 21%, 115 KB/s][K
Downloaded: 645 file(s) [attempted 645/2846 = 22%, 60 KB/s][K
Downloaded: 674 file(s) [attempted 674/2846 = 23%, 371 KB/s][K
Downloaded: 693 file(s) [attempted 693/2846 = 24%, 52 KB/s][K
Downloaded: 712 file(s) [attempted 712/2846 = 25%, 41 KB/s][K
Downloaded: 731 file(s) [attempted 731/2846 = 25%, 355 KB/s][K
Downloaded: 750 file(s) [attempted 750/2846 = 26%, 154 KB/s][K
Downloaded: 769 file(s) [attempted 769/2846 = 27%, 159 KB/s][K
Downloaded: 788 file(s) [attempted 788/2846 = 27%, 211 KB/s][K
Downloaded: 807 file(s) [attempted 807/2846 = 28%, 249 KB/s][K
Downloaded: 826 file(s) [attempted 826/2846 = 29%, 634 KB/s][K
Downloaded: 845 file(s) [attempted 845/2846 = 29%, 193 KB/s][K
Downloaded: 864 file(s) [attempted 864/2846 = 30%, 135 KB/s][K
Downloaded: 883 file(s) [attempted 883/2846 = 31%, 82 KB/s][K
Downloaded: 894 file(s) [attempted 894/2846 = 31%, 209 KB/s][K
Downloaded: 912 file(s) [attempted 912/2846 = 32%, 89 KB/s][K
Downloaded: 921 file(s) [attempted 921/2846 = 32%, 67 KB/s][K
Downloaded: 940 file(s) [attempted 940/2846 = 33%, 511 KB/s][K
Downloaded: 950 file(s) [attempted 950/2846 = 33%, 169 KB/s][K
Downloaded: 969 file(s) [attempted 969/2846 = 34%, 831 KB/s][K
Downloaded: 988 file(s) [attempted 988/2846 = 34%, 180 KB/s][K
Downloaded: 1007 file(s) [attempted 1007/2846 = 35%, 216 KB/s][K
Downloaded: 1026 file(s) [attempted 1026/2846 = 36%, 230 KB/s][K
Downloaded: 1035 file(s) [attempted 1035/2846 = 36%, 122 KB/s][K
Downloaded: 1054 file(s) [attempted 1054/2846 = 37%, 93 KB/s][K
Downloaded: 1073 file(s) [attempted 1073/2846 = 37%, 20 KB/s][K
Downloaded: 1092 file(s) [attempted 1092/2846 = 38%, 527 KB/s][K
Downloaded: 1111 file(s) [attempted 1111/2846 = 39%, 304 KB/s][K
Downloaded: 1130 file(s) [attempted 1130/2846 = 39%, 42 KB/s][K
Downloaded: 1149 file(s) [attempted 1149/2846 = 40%, 947 KB/s][K
Downloaded: 1168 file(s) [attempted 1168/2846 = 41%, 433 KB/s][K
Downloaded: 1187 file(s) [attempted 1187/2846 = 41%, 191 KB/s][K
Downloaded: 1206 file(s) [attempted 1206/2846 = 42%, 117 KB/s][K
Downloaded: 1225 file(s) [attempted 1225/2846 = 43%, 161 KB/s][K
Downloaded: 1244 file(s) [attempted 1244/2846 = 43%, 79 KB/s][K
Downloaded: 1263 file(s) [attempted 1263/2846 = 44%, 50 KB/s][K
Downloaded: 1282 file(s) [attempted 1282/2846 = 45%, 242 KB/s][K
Downloaded: 1291 file(s) [attempted 1291/2846 = 45%, 132 KB/s][K
Downloaded: 1310 file(s) [attempted 1310/2846 = 46%, 329 KB/s][K
Downloaded: 1329 file(s) [attempted 1329/2846 = 46%, 148 KB/s][K
Downloaded: 1348 file(s) [attempted 1348/2846 = 47%, 66 KB/s][K
Downloaded: 1358 file(s) [attempted 1358/2846 = 47%, 78 KB/s][K
Downloaded: 1377 file(s) [attempted 1377/2846 = 48%, 92 KB/s][K
Downloaded: 1386 file(s) [attempted 1386/2846 = 48%, 71 KB/s][K
Downloaded: 1405 file(s) [attempted 1405/2846 = 49%, 66 KB/s][K
Downloaded: 1424 file(s) [attempted 1424/2846 = 50%, 54 KB/s][K
Downloaded: 1443 file(s) [attempted 1443/2846 = 50%, 220 KB/s][K
Downloaded: 1462 file(s) [attempted 1462/2846 = 51%, 67 KB/s][K
Downloaded: 1481 file(s) [attempted 1481/2846 = 52%, 438 KB/s][K
Downloaded: 1500 file(s) [attempted 1500/2846 = 52%, 202 KB/s][K
Downloaded: 1519 file(s) [attempted 1519/2846 = 53%, 33 KB/s][K
Downloaded: 1538 file(s) [attempted 1538/2846 = 54%, 400 KB/s][K
Downloaded: 1560 file(s) [attempted 1560/2846 = 54%, 201 KB/s][K
Downloaded: 1576 file(s) [attempted 1576/2846 = 55%, 29 KB/s][K
Downloaded: 1595 file(s) [attempted 1595/2846 = 56%, 92 KB/s][K
Downloaded: 1614 file(s) [attempted 1614/2846 = 56%, 387 KB/s][K
Downloaded: 1624 file(s) [attempted 1624/2846 = 57%, 108 KB/s][K
Downloaded: 1633 file(s) [attempted 1633/2846 = 57%, 50 KB/s][K
Downloaded: 1643 file(s) [attempted 1643/2846 = 57%, 80 KB/s][K
Downloaded: 1652 file(s) [attempted 1652/2846 = 58%, 74 KB/s][K
Downloaded: 1662 file(s) [attempted 1662/2846 = 58%, 293 KB/s][K
Downloaded: 1681 file(s) [attempted 1681/2846 = 59%, 435 KB/s][K
Downloaded: 1700 file(s) [attempted 1700/2846 = 59%, 177 KB/s][K
Downloaded: 1719 file(s) [attempted 1719/2846 = 60%, 145 KB/s][K
Downloaded: 1738 file(s) [attempted 1738/2846 = 61%, 146 KB/s][K
Downloaded: 1757 file(s) [attempted 1757/2846 = 61%, 105 KB/s][K
Downloaded: 1776 file(s) [attempted 1776/2846 = 62%, 367 KB/s][K
Downloaded: 1795 file(s) [attempted 1795/2846 = 63%, 100 KB/s][K
Downloaded: 1814 file(s) [attempted 1814/2846 = 63%, 75 KB/s][K
Downloaded: 1833 file(s) [attempted 1833/2846 = 64%, 550 KB/s][K
Downloaded: 1852 file(s) [attempted 1852/2846 = 65%, 36 KB/s][K
Downloaded: 1871 file(s) [attempted 1871/2846 = 65%, 268 KB/s][K
Downloaded: 1890 file(s) [attempted 1890/2846 = 66%, 399 KB/s][K
Downloaded: 1909 file(s) [attempted 1909/2846 = 67%, 22 KB/s][K
Downloaded: 1928 file(s) [attempted 1928/2846 = 67%, 172 KB/s][K
Downloaded: 1947 file(s) [attempted 1947/2846 = 68%, 98 KB/s][K
Downloaded: 1966 file(s) [attempted 1966/2846 = 69%, 98 KB/s][K
Downloaded: 1985 file(s) [attempted 1985/2846 = 69%, 194 KB/s][K
Downloaded: 2004 file(s) [attempted 2004/2846 = 70%, 365 KB/s][K
Downloaded: 2023 file(s) [attempted 2023/2846 = 71%, 49 KB/s][K
Downloaded: 2042 file(s) [attempted 2042/2846 = 71%, 77 KB/s][K
Downloaded: 2061 file(s) [attempted 2061/2846 = 72%, 56 KB/s][K
Downloaded: 2071 file(s) [attempted 2071/2846 = 72%, 71 KB/s][K
Downloaded: 2080 file(s) [attempted 2080/2846 = 73%, 452 KB/s][K
Downloaded: 2089 file(s) [attempted 2089/2846 = 73%, 372 KB/s][K
Downloaded: 2108 file(s) [attempted 2108/2846 = 74%, 47 KB/s][K
Downloaded: 2118 file(s) [attempted 2118/2846 = 74%, 87 KB/s][K
Downloaded: 2137 file(s) [attempted 2137/2846 = 75%, 55 KB/s][K
Downloaded: 2156 file(s) [attempted 2156/2846 = 75%, 100 KB/s][K
Downloaded: 2165 file(s) [attempted 2165/2846 = 76%, 6 KB/s][K
Downloaded: 2184 file(s) [attempted 2184/2846 = 76%, 219 KB/s][K
Downloaded: 2193 file(s) [attempted 2193/2846 = 77%, 28 KB/s][K
Downloaded: 2212 file(s) [attempted 2212/2846 = 77%, 30 KB/s][K
Downloaded: 2222 file(s) [attempted 2222/2846 = 78%, 145 KB/s][K
Downloaded: 2241 file(s) [attempted 2241/2846 = 78%, 26 KB/s][K
Downloaded: 2260 file(s) [attempted 2260/2846 = 79%, 116 KB/s][K
Downloaded: 2279 file(s) [attempted 2279/2846 = 80%, 277 KB/s][K
Downloaded: 2298 file(s) [attempted 2298/2846 = 80%, 26 KB/s][K
Downloaded: 2317 file(s) [attempted 2317/2846 = 81%, 199 KB/s][K
Downloaded: 2345 file(s) [attempted 2345/2846 = 82%, 51 KB/s][K
Downloaded: 2355 file(s) [attempted 2355/2846 = 82%, 458 KB/s][K
Downloaded: 2383 file(s) [attempted 2383/2846 = 83%, 290 KB/s][K
Downloaded: 2393 file(s) [attempted 2393/2846 = 84%, 19 KB/s][K
Downloaded: 2421 file(s) [attempted 2421/2846 = 85%, 24 KB/s][K
Downloaded: 2440 file(s) [attempted 2440/2846 = 85%, 21 KB/s][K
Downloaded: 2459 file(s) [attempted 2459/2846 = 86%, 57 KB/s][K
Downloaded: 2478 file(s) [attempted 2478/2846 = 87%, 14 KB/s][K
Downloaded: 2488 file(s) [attempted 2488/2846 = 87%, 49 KB/s][K
Downloaded: 2497 file(s) [attempted 2497/2846 = 87%, 100 KB/s][K
Downloaded: 2507 file(s) [attempted 2507/2846 = 88%, 28 KB/s][K
Downloaded: 2516 file(s) [attempted 2516/2846 = 88%, 60 KB/s][K
Downloaded: 2526 file(s) [attempted 2526/2846 = 88%, 272 KB/s][K
Downloaded: 2538 file(s) [attempted 2538/2846 = 89%, 177 KB/s][K
Downloaded: 2545 file(s) [attempted 2545/2846 = 89%, 157 KB/s][K
Downloaded: 2564 file(s) [attempted 2564/2846 = 90%, 147 KB/s][K
Downloaded: 2573 file(s) [attempted 2573/2846 = 90%, 30 KB/s][K
Downloaded: 2592 file(s) [attempted 2592/2846 = 91%, 481 KB/s][K
Downloaded: 2611 file(s) [attempted 2611/2846 = 91%, 39 KB/s][K
Downloaded: 2630 file(s) [attempted 2630/2846 = 92%, 288 KB/s][K
Downloaded: 2649 file(s) [attempted 2649/2846 = 93%, 71 KB/s][K
Downloaded: 2668 file(s) [attempted 2668/2846 = 93%, 258 KB/s][K
Downloaded: 2687 file(s) [attempted 2687/2846 = 94%, 35 KB/s][K
Downloaded: 2697 file(s) [attempted 2697/2846 = 94%, 63 KB/s][K
Downloaded: 2716 file(s) [attempted 2716/2846 = 95%, 227 KB/s][K
Downloaded: 2725 file(s) [attempted 2725/2846 = 95%, 119 KB/s][K
Downloaded: 2744 file(s) [attempted 2744/2846 = 96%, 118 KB/s][K
Downloaded: 2763 file(s) [attempted 2763/2846 = 97%, 303 KB/s][K
Downloaded: 2782 file(s) [attempted 2782/2846 = 97%, 41 KB/s][K
Downloaded: 2801 file(s) [attempted 2801/2846 = 98%, 153 KB/s][K
Downloaded: 2820 file(s) [attempted 2820/2846 = 99%, 75 KB/s][K
Downloaded: 2830 file(s) [attempted 2830/2846 = 99%, 100 KB/s][K
Downloaded: 2839 file(s) [attempted 2839/2846 = 99%, 188 KB/s][K
Downloaded: 2846 file(s) [attempted 2846/2846 = 100%, 188 KB/s][K
Still decompressing downloaded files...
Decompressed 2846 file(s)
Already decompressed 2846 file(s)
