git: error: couldn't create cache file '/var/folders/79/vg1hhkl54ln4sbxmwfwgjj880000gn/T/xcrun_db-8FE0EQJ9' (errno=Operation not permitted)
git: error: couldn't create cache file '/var/folders/79/vg1hhkl54ln4sbxmwfwgjj880000gn/T/xcrun_db-PhXQJO5Z' (errno=Operation not permitted)
git: error: couldn't create cache file '/var/folders/79/vg1hhkl54ln4sbxmwfwgjj880000gn/T/xcrun_db-aCeQYQst' (errno=Operation not permitted)
git: error: couldn't create cache file '/var/folders/79/vg1hhkl54ln4sbxmwfwgjj880000gn/T/xcrun_db-hFFN9dUE' (errno=Operation not permitted)
git: error: couldn't create cache file '/var/folders/79/vg1hhkl54ln4sbxmwfwgjj880000gn/T/xcrun_db-f8AWpDjM' (errno=Operation not permitted)
git: error: couldn't create cache file '/var/folders/79/vg1hhkl54ln4sbxmwfwgjj880000gn/T/xcrun_db-BEfrirzu' (errno=Operation not permitted)
git: error: couldn't create cache file '/var/folders/79/vg1hhkl54ln4sbxmwfwgjj880000gn/T/xcrun_db-qG9O2og5' (errno=Operation not permitted)
git: error: couldn't create cache file '/var/folders/79/vg1hhkl54ln4sbxmwfwgjj880000gn/T/xcrun_db-3LNfBe1q' (errno=Operation not permitted)
git: error: couldn't create cache file '/var/folders/79/vg1hhkl54ln4sbxmwfwgjj880000gn/T/xcrun_db-FR0cRaXu' (errno=Operation not permitted)
git: error: couldn't create cache file '/var/folders/79/vg1hhkl54ln4sbxmwfwgjj880000gn/T/xcrun_db-iHD6NCLI' (errno=Operation not permitted)
git: error: couldn't create cache file '/var/folders/79/vg1hhkl54ln4sbxmwfwgjj880000gn/T/xcrun_db-njQHHAtd' (errno=Operation not permitted)
git: error: couldn't create cache file '/var/folders/79/vg1hhkl54ln4sbxmwfwgjj880000gn/T/xcrun_db-Pc9MNXfx' (errno=Operation not permitted)
git: error: couldn't create cache file '/var/folders/79/vg1hhkl54ln4sbxmwfwgjj880000gn/T/xcrun_db-x8MzKjLI' (errno=Operation not permitted)
git: error: couldn't create cache file '/var/folders/79/vg1hhkl54ln4sbxmwfwgjj880000gn/T/xcrun_db-MDy0Ud97' (errno=Operation not permitted)
git: error: couldn't create cache file '/var/folders/79/vg1hhkl54ln4sbxmwfwgjj880000gn/T/xcrun_db-Dy0TYoZP' (errno=Operation not permitted)
git: error: couldn't create cache file '/var/folders/79/vg1hhkl54ln4sbxmwfwgjj880000gn/T/xcrun_db-YLkYGnPA' (errno=Operation not permitted)
git: error: couldn't create cache file '/var/folders/79/vg1hhkl54ln4sbxmwfwgjj880000gn/T/xcrun_db-QV3Qh4T1' (errno=Operation not permitted)
git: error: couldn't create cache file '/var/folders/79/vg1hhkl54ln4sbxmwfwgjj880000gn/T/xcrun_db-GSvAIMWd' (errno=Operation not permitted)
git: error: couldn't create cache file '/var/folders/79/vg1hhkl54ln4sbxmwfwgjj880000gn/T/xcrun_db-IssTw0iZ' (errno=Operation not permitted)
git: error: couldn't create cache file '/var/folders/79/vg1hhkl54ln4sbxmwfwgjj880000gn/T/xcrun_db-PzcjakAr' (errno=Operation not permitted)
git: error: couldn't create cache file '/var/folders/79/vg1hhkl54ln4sbxmwfwgjj880000gn/T/xcrun_db-ySPcsx12' (errno=Operation not permitted)
git: error: couldn't create cache file '/var/folders/79/vg1hhkl54ln4sbxmwfwgjj880000gn/T/xcrun_db-qObXFXaf' (errno=Operation not permitted)
git: error: couldn't create cache file '/var/folders/79/vg1hhkl54ln4sbxmwfwgjj880000gn/T/xcrun_db-jkvRHx0u' (errno=Operation not permitted)
git: error: couldn't create cache file '/var/folders/79/vg1hhkl54ln4sbxmwfwgjj880000gn/T/xcrun_db-NUzRtN6h' (errno=Operation not permitted)
git: error: couldn't create cache file '/var/folders/79/vg1hhkl54ln4sbxmwfwgjj880000gn/T/xcrun_db-DWprOiL5' (errno=Operation not permitted)
git: error: couldn't create cache file '/var/folders/79/vg1hhkl54ln4sbxmwfwgjj880000gn/T/xcrun_db-eVD3W8uj' (errno=Operation not permitted)
git: error: couldn't create cache file '/var/folders/79/vg1hhkl54ln4sbxmwfwgjj880000gn/T/xcrun_db-3SERWmMz' (errno=Operation not permitted)
git: error: couldn't create cache file '/var/folders/79/vg1hhkl54ln4sbxmwfwgjj880000gn/T/xcrun_db-bzyfYXhS' (errno=Operation not permitted)
git: error: couldn't create cache file '/var/folders/79/vg1hhkl54ln4sbxmwfwgjj880000gn/T/xcrun_db-wQlzytjr' (errno=Operation not permitted)
git: error: couldn't create cache file '/var/folders/79/vg1hhkl54ln4sbxmwfwgjj880000gn/T/xcrun_db-Gd76YDrv' (errno=Operation not permitted)
git: error: couldn't create cache file '/var/folders/79/vg1hhkl54ln4sbxmwfwgjj880000gn/T/xcrun_db-LVzO8Grf' (errno=Operation not permitted)
git: error: couldn't create cache file '/var/folders/79/vg1hhkl54ln4sbxmwfwgjj880000gn/T/xcrun_db-CoHUTtQC' (errno=Operation not permitted)
git: error: couldn't create cache file '/var/folders/79/vg1hhkl54ln4sbxmwfwgjj880000gn/T/xcrun_db-hsUN9pVx' (errno=Operation not permitted)
git: error: couldn't create cache file '/var/folders/79/vg1hhkl54ln4sbxmwfwgjj880000gn/T/xcrun_db-5M3WkxGj' (errno=Operation not permitted)
git: error: couldn't create cache file '/var/folders/79/vg1hhkl54ln4sbxmwfwgjj880000gn/T/xcrun_db-cWIN3bF1' (errno=Operation not permitted)
git: error: couldn't create cache file '/var/folders/79/vg1hhkl54ln4sbxmwfwgjj880000gn/T/xcrun_db-SSDK6lXP' (errno=Operation not permitted)
{
  "dependencies": [
    {
      "name": "mathlib",
      "revision": "81d17696471311f5e3e2f034236df7a781449f7e",
      "url": "https://github.com/leanprover-community/mathlib4.git",
      "tracked_tree": "clean"
    },
    {
      "name": "plausible",
      "revision": "aef59637faa9e85fa2486acaaf906ce3f572af7c",
      "url": "https://github.com/leanprover-community/plausible",
      "tracked_tree": "clean"
    },
    {
      "name": "LeanSearchClient",
      "revision": "234d9e074fbd6e911b920baf32db5291c3125be0",
      "url": "https://github.com/leanprover-community/LeanSearchClient",
      "tracked_tree": "clean"
    },
    {
      "name": "importGraph",
      "revision": "579f558774c4ac6840e715ba60dabf3030619349",
      "url": "https://github.com/leanprover-community/import-graph",
      "tracked_tree": "clean"
    },
    {
      "name": "proofwidgets",
      "revision": "d5ad4a0b79fa7f9818fe1380d05a3f6143823c09",
      "url": "https://github.com/leanprover-community/ProofWidgets4",
      "tracked_tree": "clean"
    },
    {
      "name": "aesop",
      "revision": "04879b1e1de744d5c9777c8cf63fa55a8f652e5e",
      "url": "https://github.com/leanprover-community/aesop",
      "tracked_tree": "clean"
    },
    {
      "name": "Qq",
      "revision": "e7c4cdd2f1bf9df361ef7f621b4d6867012ab65e",
      "url": "https://github.com/leanprover-community/quote4",
      "tracked_tree": "clean"
    },
    {
      "name": "batteries",
      "revision": "b71aaf60877e673fdb921f06f20987d12ee8a290",
      "url": "https://github.com/leanprover-community/batteries",
      "tracked_tree": "clean"
    },
    {
      "name": "Cli",
      "revision": "82c11b9717083154aefc5fe8d4cba4bbf046298f",
      "url": "https://github.com/leanprover/lean4-cli",
      "tracked_tree": "clean"
    }
  ],
  "source_sha256": {
    "MaximumModulus.lean": "7711659c615b8d2de7c6eac37b04486ebf620ffafdcced996c491a3ba0151067",
    "CheckAxioms.lean": "4fac820aede4bffa94634b16655a822e52975354a2797c1aa8be3bdde3496afa",
    "MaximumModulus/AEBridge.lean": "ceeb0a8e8c405504b28b0d9669626532170f6b10b967be171dddebfe8ea67fb3",
    "MaximumModulus/AllRadii.lean": "6a16ff9d2c62449f637d0eb727d3605b26f37744eb4eb46f7b2fe771c497a9d7",
    "MaximumModulus/Basic.lean": "d5630a0d8ff56b433b25051db69a807df6ee1bb2ab0ea4085417e785bcca045c",
    "MaximumModulus/BoundaryCharts.lean": "337e660ab7b136734531c6cbaf782c3353294b6da69bed62e2a9d7023be87ac4",
    "MaximumModulus/BranchCollision.lean": "7be2e6b7d143154440a27fcef427dbd05bcd38604fe78c75614633d05b7d5fda",
    "MaximumModulus/BranchContinuation.lean": "f83f736cb203ab7a7c8fcd4db9a23ee0348183f38bdb373ad3873f45773553d7",
    "MaximumModulus/Definitions.lean": "773671cd9bb474371afb63263c2b4975341ecb6c8bab43894c281bbfd31a7e7d",
    "MaximumModulus/DuplicateSafeCount.lean": "19ce299de1437bdb19d9e786c82088f27b27967e0a901853cb10365e29522534",
    "MaximumModulus/ExceptionalRadii.lean": "9daba9dc313c1c781c27c3ceb5dfa716ed7aa706d407df0b9a4f7bf9b27db356",
    "MaximumModulus/FiberCapture.lean": "329432a68505235a62ca16ac7f9cb96ef8f699d8ba8e61eb630e0b7c518fe958",
    "MaximumModulus/FiniteExceptionalSet.lean": "c7722d63191e6a1bc3173aaf5d7ffbfe4c23c0398d403eb079ea9c42468140d6",
    "MaximumModulus/FiniteImageGraphs.lean": "e0e8b33e9b0d2e06abd7b711e22b98f4eb0268468428b525306cc5abb2a27376",
    "MaximumModulus/FiniteTargetCover.lean": "de0c276e63ed5201b191f77d0d8f461b87ccf273186c935ee4156bee23f97563",
    "MaximumModulus/FiniteValueCoordinates.lean": "ff2c819ab02822e64a727b44426456cfd569f4ea70a4763de38ebdc322851183",
    "MaximumModulus/Finiteness.lean": "990b92706af6a1eb75f3758b32ea36f16cd1781d6748145fd5c050916409dcfb",
    "MaximumModulus/GeometricReduction.lean": "0614e85cb9417f9544134fc0a2fa27c497c7ce23145fcbcf66c75497594e7113",
    "MaximumModulus/GlobalCharts.lean": "07d536809cf97043678f89af214f598793b521c3ff897b414d517b403dbcad6b",
    "MaximumModulus/GlobalDegreeAux.lean": "bb9d9fad1ffc1b00e1bda5e02a1c3b96d161ddea2d55c7d224584d6630388d7c",
    "MaximumModulus/HighCountCapture.lean": "dcca257d6e722145357260aed1acdf58b21929f2d8161eec3c7220b58abf94cc",
    "MaximumModulus/HighCountGlobal.lean": "4484fc5ece2548ae58c786fecc5bd6bee10b25a7d456775ae3f860025b7bce71",
    "MaximumModulus/HighCountInterior.lean": "d41d90b40201a0b465c8949db489f99b848ae6e1cfe2711158e59b8b7c7fb9ec",
    "MaximumModulus/HighCountLocus.lean": "db7fb34afd4fc0a2b1a852394ee1bb448eca69902bc01f0497c82e0dd6bfb144",
    "MaximumModulus/InfinityCharts.lean": "0e364eaa4e737a7ccdafeaeedf89b22fe8b793e4d7de8fe4b1ca61214f205f0e",
    "MaximumModulus/InfinityInterior.lean": "db687965a8163bd7f45c0e40b7ea66b9ce7c840432f3231818ea383f91eaedc0",
    "MaximumModulus/InversePairFamily.lean": "e13cc2e39498732ba5caa56a3233ebf5545576235a1bdf5beaf9b95e7dd556f0",
    "MaximumModulus/InverseRootChart.lean": "4f45d67d8b5b72829593638aa833a09bb3fb3a16163d12cbd58492fb7ce9b43f",
    "MaximumModulus/LocalImageTopology.lean": "5048616e61e9e068f25862923a99be5f067c6a953f1ff6223a2e170acd3d024e",
    "MaximumModulus/LocalReciprocal.lean": "b480a9d5123c14b8afa5967aba4c560dbc176311ac30f175856ee81d7170cbf1",
    "MaximumModulus/LocalValence.lean": "1bc714f213b1a51760d18cf3f71e21ae56db8d3a30dd5e27112a29277425718a",
    "MaximumModulus/LogDerivative.lean": "276604496051dc14d6944a9c0c44010355ecdec077c30064d76346104ac3825e",
    "MaximumModulus/MaximaToFibers.lean": "1d6545874af6c1b07f64520fcc90969475df6d6a7df21504a05abea8ac87c743",
    "MaximumModulus/MaximumEnvelope.lean": "dfbc0c1bf985fa8f4e4476bfc90e2b2657819aa1ed907360c5ce0ed1c5cdbe2f",
    "MaximumModulus/MaximumStationarity.lean": "08e7c781b9565dbf8ccddf63f2b22827aee3a04fbba860db98d03ad4d3e093b3",
    "MaximumModulus/MeromorphicCorrespondence.lean": "fb958b7065c45328a074315baa544df054330434cda908de390667ac74605ea7",
    "MaximumModulus/OmittedTargetCover.lean": "92c4880890a9dd7be8d157ea8754704349c727c729a2bdbabc7d6cfcd48c9aa9",
    "MaximumModulus/PairNonvertical.lean": "f9606ec4951b64f1959ded8a9fd53e272f24ea5da3bd0c10583bc2e7d5d73690",
    "MaximumModulus/PoleChart.lean": "55b48efcb4db00e4436344340e440758d51d4ad4d7797e3db14d25e17d450dd0",
    "MaximumModulus/ProductNonconstant.lean": "b9fc1ba4687c7aaf2073413344b6de0d30b0908b58ec382d34db1dbaf6223c1f",
    "MaximumModulus/Reductions.lean": "81095abc9340c0a5ca229f539eca282b85ecfdbd6e07a2f49b6be927f8d4ff76",
    "MaximumModulus/SmallFibers.lean": "4c979b871a67cac79515d9f389550f11f2996fe8f431a36d8f93039c11068848",
    "MaximumModulus/SphereSmallFibers.lean": "cd9945df30d39c17d20540402f141bc621cf1ab886d1cae29ca0122fd0fdcf55",
    "MaximumModulus/StatementAudit.lean": "bb4ae82fa516d338263d4ce361522c4a012ebcf8507064c2d1148edbffcf0cbe",
    "lean-toolchain": "8f89aa44fccdb1a0b6cc768c7c9f54b94cd40e47a08d582f82d1235f13075cf7",
    "lakefile.toml": "5d8ab5b472f35876f885594bf3cb7b4986303d0f7212593ecb63cef865baea39",
    "lake-manifest.json": "cb333575666396aefa2ed281978edc586f0535a0079b76012f32db0f18052b38",
    "scripts/audit-mathlib.py": "da835bc0272e50ee0c902cdbf0595ef81c294d310e004dc67b3d7478a4569a6d",
    "scripts/fetch_cache.py": "42327e06bbca544fc620c6e29c30648c2306bd879378cf7e7f817754ed88ba13",
    "scripts/run_logged.py": "f2b253d125b1c49ba1554096a4a423fdffcff8268011445f66f0e04a9052eb6e",
    "scripts/source_integrity.py": "6ab892c4e81d1103f4ac6e58259e2a953b591f0b599509acbe0e6e2c84ad07b3",
    "scripts/summarize_verification.py": "31aa021db27f03b39d17882826cf27388c80e13d7e25b0906034fecd8a5fc473",
    "scripts/verify.sh": "bf0aec9545c27fda02d61be6421fc4b1b4d17565c9821831ff5a1a0279b148a3"
  },
  "manuscript_sha256": "bc951c3ffa7d3579b2f39a0949e38db27338ac32ac050e3f5359d4452573a7b1",
  "scan": "No prohibited placeholder/custom-axiom/native-computation/kernel-skip keywords in project Lean code after removing comments."
}
